Viewer HTTP server started with PID 74845 on port 8080.
Telemetry server started with PID 74847 on port 8765 (wait-for-client).
127.0.0.1 - - [11/Dec/2025 04:13:55] "GET / HTTP/1.1" 304 -
127.0.0.1 - - [11/Dec/2025 04:13:57] "GET /fetchRunwayConfig.js HTTP/1.1" 304 -
127.0.0.1 - - [11/Dec/2025 04:13:57] "GET /runway_config.json HTTP/1.1" 304 -
127.0.0.1 - - [11/Dec/2025 04:13:57] "GET /Udaan-Product4.gltf HTTP/1.1" 304 -
127.0.0.1 - - [11/Dec/2025 04:13:57] "GET /Udaan-Product4.bin HTTP/1.1" 304 -
[telemetry] Starting websocket server at ws://127.0.0.1:8765
[telemetry_server] About to start websockets.serve on 127.0.0.1:8765
[telemetry_server] websockets.serve started on 127.0.0.1:8765, running forever...
[telemetry] Loaded policy checkpoint checkpoints/ppo_flight_final.pt
[telemetry] Physics loop started for task=takeoff, checkpoint=checkpoints/ppo_flight_final.pt.
[telemetry_server] Client connected: ('127.0.0.1', 58241)
[telemetry] step=0 pos=[0.00462098466232419, 0.0, 0.30000001192092896] vel=[0.23104923963546753, 0.0, 0.0] thr=0.0%
[telemetry] step=200 pos=[45.3723030090332, -0.023528188467025757, 0.30000001192092896] vel=[13.508163452148438, -0.013262874446809292, 0.0] thr=1.4%
[telemetry] Episode ended: aoa_exceeded. Resetting...
[telemetry] step=0 pos=[0.00462098466232419, 0.0, 0.30000001192092896] vel=[0.23104923963546753, 0.0, 0.0] thr=0.0%
[telemetry] step=200 pos=[45.3746337890625, -0.023223645985126495, 0.30000001192092896] vel=[13.50877571105957, -0.013248222880065441, 0.0] thr=1.4%
[telemetry] Episode ended: aoa_exceeded. Resetting...
[telemetry] step=0 pos=[0.00462098466232419, 0.0, 0.30000001192092896] vel=[0.23104923963546753, 0.0, 0.0] thr=0.0%
[telemetry] step=200 pos=[45.378623962402344, -0.022821610793471336, 0.30000001192092896] vel=[13.509819984436035, -0.013222704641520977, 0.0] thr=1.4%
[telemetry] Episode ended: aoa_exceeded. Resetting...
[telemetry] step=0 pos=[0.00462098466232419, 0.0, 0.30000001192092896] vel=[0.23104923963546753, 0.0, 0.0] thr=0.0%
[telemetry] step=200 pos=[45.37700271606445, -0.022457720711827278, 0.30000001192092896] vel=[13.511521339416504, -0.013191918842494488, 0.0] thr=1.4%
[telemetry] Episode ended: aoa_exceeded. Resetting...
[telemetry] step=0 pos=[0.00462098466232419, 0.0, 0.30000001192092896] vel=[0.23104923963546753, 0.0, 0.0] thr=0.0%
[telemetry] step=200 pos=[45.37205123901367, -0.022266484797000885, 0.30000001192092896] vel=[13.513195037841797, -0.012619386427104473, 0.0] thr=1.4%
[telemetry] Episode ended: aoa_exceeded. Resetting...
[telemetry] step=0 pos=[0.00462098466232419, 0.0, 0.30000001192092896] vel=[0.23104923963546753, 0.0, 0.0] thr=0.0%
[telemetry_server] Client disconnected: ('127.0.0.1', 58241)
[telemetry_server] Client connected: ('127.0.0.1', 58273)
[telemetry] step=0 pos=[0.00462098466232419, 0.0, 0.30000001192092896] vel=[0.23104923963546753, 0.0, 0.0] thr=0.0%
[telemetry] step=200 pos=[45.37228775024414, -0.02206522971391678, 0.30000001192092896] vel=[13.514245986938477, -0.01261429488658905, 0.0] thr=1.4%
[telemetry] Episode ended: aoa_exceeded. Resetting...
[telemetry] step=0 pos=[0.00462098466232419, 0.0, 0.30000001192092896] vel=[0.23104923963546753, 0.0, 0.0] thr=0.0%
[telemetry] step=200 pos=[45.37144088745117, -0.021924428641796112, 0.30000001192092896] vel=[13.515130043029785, -0.012615594081580639, 0.0] thr=1.4%
[telemetry] Episode ended: aoa_exceeded. Resetting...
[telemetry] step=0 pos=[0.00462098466232419, 0.0, 0.30000001192092896] vel=[0.23104923963546753, 0.0, 0.0] thr=0.0%
[telemetry] step=200 pos=[45.37275314331055, -0.021820636466145515, 0.30000001192092896] vel=[13.515472412109375, -0.012607171200215816, 0.0] thr=1.4%
[telemetry] Episode ended: aoa_exceeded. Resetting...
[telemetry] step=0 pos=[0.00462098466232419, 0.0, 0.30000001192092896] vel=[0.23104923963546753, 0.0, 0.0] thr=0.0%
[telemetry] step=200 pos=[45.37363815307617, -0.021751338616013527, 0.30000001192092896] vel=[13.515706062316895, -0.012601393274962902, 0.0] thr=1.4%
[telemetry] Episode ended: aoa_exceeded. Resetting...
[telemetry] step=0 pos=[0.00462098466232419, 0.0, 0.30000001192092896] vel=[0.23104923963546753, 0.0, 0.0] thr=0.0%
[telemetry] step=200 pos=[45.374229431152344, -0.021706070750951767, 0.30000001192092896] vel=[13.515857696533203, -0.012597627006471157, 0.0] thr=1.4%
[telemetry] Episode ended: aoa_exceeded. Resetting...
[telemetry] step=0 pos=[0.00462098466232419, 0.0, 0.30000001192092896] vel=[0.23104923963546753, 0.0, 0.0] thr=0.0%
[telemetry] step=200 pos=[45.37459182739258, -0.021676694974303246, 0.30000001192092896] vel=[13.515958786010742, -0.012595164589583874, 0.0] thr=1.4%
[telemetry] Episode ended: aoa_exceeded. Resetting...
[telemetry] step=0 pos=[0.00462098466232419, 0.0, 0.30000001192092896] vel=[0.23104923963546753, 0.0, 0.0] thr=0.0%
[telemetry] step=200 pos=[45.37487030029297, -0.021658070385456085, 0.30000001192092896] vel=[13.516027450561523, -0.01259350311011076, 0.0] thr=1.4%
[telemetry] Episode ended: aoa_exceeded. Resetting...
[telemetry] step=0 pos=[0.00462098466232419, 0.0, 0.30000001192092896] vel=[0.23104923963546753, 0.0, 0.0] thr=0.0%
[telemetry] step=200 pos=[45.37501907348633, -0.021646182984113693, 0.30000001192092896] vel=[13.516068458557129, -0.012592459097504616, 0.0] thr=1.4%
[telemetry] Episode ended: aoa_exceeded. Resetting...
[telemetry] step=0 pos=[0.00462098466232419, 0.0, 0.30000001192092896] vel=[0.23104923963546753, 0.0, 0.0] thr=0.0%
[telemetry] step=200 pos=[45.375125885009766, -0.02163843624293804, 0.30000001192092896] vel=[13.516098022460938, -0.012591748498380184, 0.0] thr=1.4%
[telemetry] Episode ended: aoa_exceeded. Resetting...
[telemetry] step=0 pos=[0.00462098466232419, 0.0, 0.30000001192092896] vel=[0.23104923963546753, 0.0, 0.0] thr=0.0%
[telemetry] step=200 pos=[45.375186920166016, -0.021633408963680267, 0.30000001192092896] vel=[13.516117095947266, -0.012591329403221607, 0.0] thr=1.4%
[telemetry] Episode ended: aoa_exceeded. Resetting...
[telemetry] step=0 pos=[0.00462098466232419, 0.0, 0.30000001192092896] vel=[0.23104923963546753, 0.0, 0.0] thr=0.0%
[telemetry] step=200 pos=[45.37522888183594, -0.021630138158798218, 0.30000001192092896] vel=[13.51612663269043, -0.012591061182320118, 0.0] thr=1.4%
[telemetry] Episode ended: aoa_exceeded. Resetting...
[telemetry] step=0 pos=[0.00462098466232419, 0.0, 0.30000001192092896] vel=[0.23104923963546753, 0.0, 0.0] thr=0.0%
[telemetry] step=200 pos=[45.375247955322266, -0.021628012880682945, 0.30000001192092896] vel=[13.516133308410645, -0.01259090006351471, 0.0] thr=1.4%
[telemetry] Episode ended: aoa_exceeded. Resetting...
[telemetry] step=0 pos=[0.00462098466232419, 0.0, 0.30000001192092896] vel=[0.23104923963546753, 0.0, 0.0] thr=0.0%
[telemetry] step=200 pos=[45.375267028808594, -0.021626606583595276, 0.30000001192092896] vel=[13.516138076782227, -0.012590772472321987, 0.0] thr=1.4%
[telemetry] Episode ended: aoa_exceeded. Resetting...
[telemetry] step=0 pos=[0.00462098466232419, 0.0, 0.30000001192092896] vel=[0.23104923963546753, 0.0, 0.0] thr=0.0%
[telemetry] step=200 pos=[45.375282287597656, -0.02162572182714939, 0.30000001192092896] vel=[13.516141891479492, -0.012590686790645123, 0.0] thr=1.4%
[telemetry] Episode ended: aoa_exceeded. Resetting...
[telemetry] step=0 pos=[0.00462098466232419, 0.0, 0.30000001192092896] vel=[0.23104923963546753, 0.0, 0.0] thr=0.0%
[telemetry] step=200 pos=[45.37528610229492, -0.021625133231282234, 0.30000001192092896] vel=[13.516143798828125, -0.012590658850967884, 0.0] thr=1.4%
[telemetry] Episode ended: aoa_exceeded. Resetting...
[telemetry] step=0 pos=[0.00462098466232419, 0.0, 0.30000001192092896] vel=[0.23104923963546753, 0.0, 0.0] thr=0.0%
[telemetry] step=200 pos=[45.37528991699219, -0.021624766290187836, 0.30000001192092896] vel=[13.516145706176758, -0.012590642087161541, 0.0] thr=1.4%
[telemetry] Episode ended: aoa_exceeded. Resetting...
[telemetry] step=0 pos=[0.00462098466232419, 0.0, 0.30000001192092896] vel=[0.23104923963546753, 0.0, 0.0] thr=0.0%
[telemetry] step=200 pos=[45.37529754638672, -0.02162451110780239, 0.30000001192092896] vel=[13.516146659851074, -0.012590611353516579, 0.0] thr=1.4%
[telemetry] Episode ended: aoa_exceeded. Resetting...
[telemetry] step=0 pos=[0.00462098466232419, 0.0, 0.30000001192092896] vel=[0.23104923963546753, 0.0, 0.0] thr=0.0%
[telemetry] step=200 pos=[45.37529754638672, -0.02162434160709381, 0.30000001192092896] vel=[13.51614761352539, -0.012590606696903706, 0.0] thr=1.4%
[telemetry] Episode ended: aoa_exceeded. Resetting...
[telemetry] step=0 pos=[0.00462098466232419, 0.0, 0.30000001192092896] vel=[0.23104923963546753, 0.0, 0.0] thr=0.0%
[telemetry] step=200 pos=[45.375301361083984, -0.02162424847483635, 0.30000001192092896] vel=[13.516148567199707, -0.012590566650032997, 0.0] thr=1.4%
[telemetry] Episode ended: aoa_exceeded. Resetting...
[telemetry] step=0 pos=[0.00462098466232419, 0.0, 0.30000001192092896] vel=[0.23104923963546753, 0.0, 0.0] thr=0.0%
[telemetry] step=200 pos=[45.37529754638672, -0.021624166518449783, 0.30000001192092896] vel=[13.51614761352539, -0.012590604834258556, 0.0] thr=1.4%
[telemetry] Episode ended: aoa_exceeded. Resetting...
[telemetry] step=0 pos=[0.00462098466232419, 0.0, 0.30000001192092896] vel=[0.23104923963546753, 0.0, 0.0] thr=0.0%
[telemetry] step=200 pos=[45.375301361083984, -0.0216241255402565, 0.30000001192092896] vel=[13.516149520874023, -0.012590569444000721, 0.0] thr=1.4%
[telemetry] Episode ended: aoa_exceeded. Resetting...
[telemetry] step=0 pos=[0.00462098466232419, 0.0, 0.30000001192092896] vel=[0.23104923963546753, 0.0, 0.0] thr=0.0%
[telemetry] step=200 pos=[45.37529754638672, -0.02162409946322441, 0.30000001192092896] vel=[13.51614761352539, -0.012590601108968258, 0.0] thr=1.4%
[telemetry] Episode ended: aoa_exceeded. Resetting...
[telemetry] step=0 pos=[0.00462098466232419, 0.0, 0.30000001192092896] vel=[0.23104923963546753, 0.0, 0.0] thr=0.0%
[telemetry] step=200 pos=[45.375301361083984, -0.021624090149998665, 0.30000001192092896] vel=[13.516148567199707, -0.012590566650032997, 0.0] thr=1.4%
[telemetry] Episode ended: aoa_exceeded. Resetting...
[telemetry] step=0 pos=[0.00462098466232419, 0.0, 0.30000001192092896] vel=[0.23104923963546753, 0.0, 0.0] thr=0.0%
[telemetry] step=200 pos=[45.375301361083984, -0.021624067798256874, 0.30000001192092896] vel=[13.516149520874023, -0.012590564787387848, 0.0] thr=1.4%
[telemetry] Episode ended: aoa_exceeded. Resetting...
[telemetry] step=0 pos=[0.00462098466232419, 0.0, 0.30000001192092896] vel=[0.23104923963546753, 0.0, 0.0] thr=0.0%
[telemetry] step=200 pos=[45.375301361083984, -0.02162405103445053, 0.30000001192092896] vel=[13.516149520874023, -0.012590566650032997, 0.0] thr=1.4%
[telemetry] Episode ended: aoa_exceeded. Resetting...
[telemetry] step=0 pos=[0.00462098466232419, 0.0, 0.30000001192092896] vel=[0.23104923963546753, 0.0, 0.0] thr=0.0%
[telemetry] step=200 pos=[45.375301361083984, -0.02162405103445053, 0.30000001192092896] vel=[13.516148567199707, -0.012590572237968445, 0.0] thr=1.4%
[telemetry] Episode ended: aoa_exceeded. Resetting...
[telemetry] step=0 pos=[0.00462098466232419, 0.0, 0.30000001192092896] vel=[0.23104923963546753, 0.0, 0.0] thr=0.0%
[telemetry] step=200 pos=[45.37529754638672, -0.02162405475974083, 0.30000001192092896] vel=[13.51614761352539, -0.012590604834258556, 0.0] thr=1.4%
[telemetry] Episode ended: aoa_exceeded. Resetting...
[telemetry] step=0 pos=[0.00462098466232419, 0.0, 0.30000001192092896] vel=[0.23104923963546753, 0.0, 0.0] thr=0.0%
[telemetry] step=200 pos=[45.375301361083984, -0.021624045446515083, 0.30000001192092896] vel=[13.516148567199707, -0.012590569444000721, 0.0] thr=1.4%
[telemetry] Episode ended: aoa_exceeded. Resetting...
[telemetry] step=0 pos=[0.00462098466232419, 0.0, 0.30000001192092896] vel=[0.23104923963546753, 0.0, 0.0] thr=0.0%
[telemetry] step=200 pos=[45.375301361083984, -0.02162402682006359, 0.30000001192092896] vel=[13.516148567199707, -0.012590566650032997, 0.0] thr=1.4%
[telemetry] Episode ended: aoa_exceeded. Resetting...
[telemetry] step=0 pos=[0.00462098466232419, 0.0, 0.30000001192092896] vel=[0.23104923963546753, 0.0, 0.0] thr=0.0%
[telemetry] step=200 pos=[45.375301361083984, -0.021624049171805382, 0.30000001192092896] vel=[13.516148567199707, -0.012590567581355572, 0.0] thr=1.4%
[telemetry] Episode ended: aoa_exceeded. Resetting...
[telemetry] step=0 pos=[0.00462098466232419, 0.0, 0.30000001192092896] vel=[0.23104923963546753, 0.0, 0.0] thr=0.0%
[telemetry] step=200 pos=[45.375301361083984, -0.021624049171805382, 0.30000001192092896] vel=[13.516149520874023, -0.012590569444000721, 0.0] thr=1.4%
[telemetry] Episode ended: aoa_exceeded. Resetting...
[telemetry] step=0 pos=[0.00462098466232419, 0.0, 0.30000001192092896] vel=[0.23104923963546753, 0.0, 0.0] thr=0.0%
[telemetry] step=200 pos=[45.375301361083984, -0.021624047309160233, 0.30000001192092896] vel=[13.516149520874023, -0.012590563856065273, 0.0] thr=1.4%
[telemetry] Episode ended: aoa_exceeded. Resetting...
[telemetry] step=0 pos=[0.00462098466232419, 0.0, 0.30000001192092896] vel=[0.23104923963546753, 0.0, 0.0] thr=0.0%
[telemetry] step=200 pos=[45.375301361083984, -0.021624041721224785, 0.30000001192092896] vel=[13.516148567199707, -0.012590567581355572, 0.0] thr=1.4%
[telemetry] Episode ended: aoa_exceeded. Resetting...
[telemetry] step=0 pos=[0.00462098466232419, 0.0, 0.30000001192092896] vel=[0.23104923963546753, 0.0, 0.0] thr=0.0%
[telemetry] step=200 pos=[45.375301361083984, -0.021624047309160233, 0.30000001192092896] vel=[13.516148567199707, -0.012590572237968445, 0.0] thr=1.4%
[telemetry] Episode ended: aoa_exceeded. Resetting...
[telemetry] step=0 pos=[0.00462098466232419, 0.0, 0.30000001192092896] vel=[0.23104923963546753, 0.0, 0.0] thr=0.0%
[telemetry] step=200 pos=[45.375301361083984, -0.021624047309160233, 0.30000001192092896] vel=[13.516148567199707, -0.012590566650032997, 0.0] thr=1.4%
[telemetry] Episode ended: aoa_exceeded. Resetting...
[telemetry] step=0 pos=[0.00462098466232419, 0.0, 0.30000001192092896] vel=[0.23104923963546753, 0.0, 0.0] thr=0.0%
[telemetry] step=200 pos=[45.375301361083984, -0.021624047309160233, 0.30000001192092896] vel=[13.516148567199707, -0.01259057130664587, 0.0] thr=1.4%
[telemetry] Episode ended: aoa_exceeded. Resetting...
[telemetry] step=0 pos=[0.00462098466232419, 0.0, 0.30000001192092896] vel=[0.23104923963546753, 0.0, 0.0] thr=0.0%
[telemetry] step=200 pos=[45.375301361083984, -0.021624045446515083, 0.30000001192092896] vel=[13.516149520874023, -0.012590572237968445, 0.0] thr=1.4%
[telemetry] Episode ended: aoa_exceeded. Resetting...
[telemetry] step=0 pos=[0.00462098466232419, 0.0, 0.30000001192092896] vel=[0.23104923963546753, 0.0, 0.0] thr=0.0%
[telemetry] step=200 pos=[45.37529754638672, -0.021624047309160233, 0.30000001192092896] vel=[13.51614761352539, -0.012590604834258556, 0.0] thr=1.4%
[telemetry] Episode ended: aoa_exceeded. Resetting...
[telemetry] step=0 pos=[0.00462098466232419, 0.0, 0.30000001192092896] vel=[0.23104923963546753, 0.0, 0.0] thr=0.0%
[telemetry] step=200 pos=[45.375301361083984, -0.021624043583869934, 0.30000001192092896] vel=[13.516148567199707, -0.012590567581355572, 0.0] thr=1.4%
[telemetry] Episode ended: aoa_exceeded. Resetting...
[telemetry] step=0 pos=[0.00462098466232419, 0.0, 0.30000001192092896] vel=[0.23104923963546753, 0.0, 0.0] thr=0.0%
[telemetry] step=200 pos=[45.375301361083984, -0.021624041721224785, 0.30000001192092896] vel=[13.516148567199707, -0.012590569444000721, 0.0] thr=1.4%
[telemetry] Episode ended: aoa_exceeded. Resetting...
[telemetry] step=0 pos=[0.00462098466232419, 0.0, 0.30000001192092896] vel=[0.23104923963546753, 0.0, 0.0] thr=0.0%
[telemetry] step=200 pos=[45.375301361083984, -0.021624043583869934, 0.30000001192092896] vel=[13.516148567199707, -0.012590569444000721, 0.0] thr=1.4%
[telemetry] Episode ended: aoa_exceeded. Resetting...
[telemetry] step=0 pos=[0.00462098466232419, 0.0, 0.30000001192092896] vel=[0.23104923963546753, 0.0, 0.0] thr=0.0%
[telemetry] step=200 pos=[45.37529754638672, -0.02162405475974083, 0.30000001192092896] vel=[13.51614761352539, -0.012590604834258556, 0.0] thr=1.4%
[telemetry] Episode ended: aoa_exceeded. Resetting...
[telemetry] step=0 pos=[0.00462098466232419, 0.0, 0.30000001192092896] vel=[0.23104923963546753, 0.0, 0.0] thr=0.0%
[telemetry] step=200 pos=[45.375301361083984, -0.021624049171805382, 0.30000001192092896] vel=[13.516148567199707, -0.012590569444000721, 0.0] thr=1.4%
[telemetry] Episode ended: aoa_exceeded. Resetting...
[telemetry] step=0 pos=[0.00462098466232419, 0.0, 0.30000001192092896] vel=[0.23104923963546753, 0.0, 0.0] thr=0.0%
[telemetry] step=200 pos=[45.375301361083984, -0.021624049171805382, 0.30000001192092896] vel=[13.516148567199707, -0.012590569444000721, 0.0] thr=1.4%
./run_all.sh: line 27: 74845 Terminated: 15          python3 -m http.server 8080 --bind 127.0.0.1 --directory viewer/public
./run_all.sh: line 27: 74847 Terminated: 15          .venv/bin/python scripts/run_sim_with_telemetry.py --checkpoint checkpoints/ppo_flight_final.pt --task takeoff --host 127.0.0.1 --wait-for-client --reset-on-connect
