::1 - - [09/Dec/2025 14:34:00] code 404, message File not found
::1 - - [09/Dec/2025 14:34:00] "GET /runway_config.json HTTP/1.1" 404 -
::1 - - [09/Dec/2025 14:34:07] "GET /runway_config.json HTTP/1.1" 200 -
::1 - - [09/Dec/2025 14:34:41] "GET / HTTP/1.1" 200 -
::1 - - [09/Dec/2025 14:34:57] "GET / HTTP/1.1" 304 -
::1 - - [09/Dec/2025 14:34:57] "GET / HTTP/1.1" 304 -
::1 - - [09/Dec/2025 14:34:57] "GET / HTTP/1.1" 304 -
::1 - - [09/Dec/2025 14:36:22] "GET / HTTP/1.1" 304 -
::1 - - [09/Dec/2025 14:36:23] "GET / HTTP/1.1" 304 -
::1 - - [09/Dec/2025 14:36:23] "GET / HTTP/1.1" 304 -
::1 - - [09/Dec/2025 14:36:23] "GET / HTTP/1.1" 304 -
::1 - - [09/Dec/2025 14:36:23] "GET / HTTP/1.1" 304 -
::1 - - [09/Dec/2025 14:36:23] "GET / HTTP/1.1" 304 -
::1 - - [09/Dec/2025 14:36:23] "GET / HTTP/1.1" 304 -
::1 - - [09/Dec/2025 14:36:24] "GET / HTTP/1.1" 304 -
::1 - - [09/Dec/2025 14:36:26] "GET / HTTP/1.1" 304 -
::1 - - [09/Dec/2025 14:36:26] "GET / HTTP/1.1" 304 -
::1 - - [09/Dec/2025 14:36:26] "GET / HTTP/1.1" 304 -
::1 - - [09/Dec/2025 14:36:34] "GET / HTTP/1.1" 200 -
::1 - - [09/Dec/2025 14:39:24] "GET / HTTP/1.1" 200 -
::1 - - [09/Dec/2025 14:39:24] "GET /fetchRunwayConfig.js HTTP/1.1" 200 -
::1 - - [09/Dec/2025 14:39:24] "GET /runway_config.json HTTP/1.1" 200 -
::1 - - [09/Dec/2025 14:39:24] "GET /Udaan-Product4.gltf HTTP/1.1" 200 -
::1 - - [09/Dec/2025 14:39:24] "GET /Udaan-Product4.bin HTTP/1.1" 200 -
::1 - - [09/Dec/2025 14:40:48] "GET / HTTP/1.1" 200 -
::1 - - [09/Dec/2025 14:40:48] "GET /runway_config.json HTTP/1.1" 304 -
::1 - - [09/Dec/2025 14:40:52] "GET / HTTP/1.1" 304 -
::1 - - [09/Dec/2025 14:43:01] "GET / HTTP/1.1" 304 -
::1 - - [09/Dec/2025 14:43:01] "GET /runway_config.json HTTP/1.1" 304 -
::1 - - [09/Dec/2025 14:46:07] "GET / HTTP/1.1" 200 -
::1 - - [09/Dec/2025 14:46:07] "GET /fetchRunwayConfig.js HTTP/1.1" 304 -
::1 - - [09/Dec/2025 14:46:07] "GET /runway_config.json HTTP/1.1" 304 -
::1 - - [09/Dec/2025 14:46:08] "GET / HTTP/1.1" 304 -
::1 - - [09/Dec/2025 14:46:09] "GET / HTTP/1.1" 304 -
::1 - - [09/Dec/2025 14:48:30] "GET / HTTP/1.1" 200 -
::1 - - [09/Dec/2025 14:48:30] "GET /runway_config.json HTTP/1.1" 304 -
::1 - - [09/Dec/2025 14:48:31] "GET / HTTP/1.1" 304 -
::1 - - [09/Dec/2025 14:48:31] "GET / HTTP/1.1" 304 -
::1 - - [09/Dec/2025 14:53:20] "GET / HTTP/1.1" 200 -
::1 - - [09/Dec/2025 14:53:21] "GET /fetchRunwayConfig.js HTTP/1.1" 304 -
::1 - - [09/Dec/2025 14:53:21] "GET /runway_config.json HTTP/1.1" 304 -
::1 - - [09/Dec/2025 14:53:22] "GET / HTTP/1.1" 304 -
::1 - - [09/Dec/2025 14:55:31] "GET / HTTP/1.1" 200 -
::1 - - [09/Dec/2025 14:55:31] "GET /runway_config.json HTTP/1.1" 304 -
::1 - - [09/Dec/2025 14:59:05] "GET / HTTP/1.1" 200 -
::1 - - [09/Dec/2025 14:59:05] "GET /fetchRunwayConfig.js HTTP/1.1" 304 -
::1 - - [09/Dec/2025 14:59:05] "GET /runway_config.json HTTP/1.1" 304 -
::1 - - [09/Dec/2025 14:59:05] "GET / HTTP/1.1" 304 -
::1 - - [09/Dec/2025 14:59:12] "GET / HTTP/1.1" 304 -
::1 - - [09/Dec/2025 14:59:12] "GET / HTTP/1.1" 304 -
::1 - - [09/Dec/2025 14:59:13] "GET / HTTP/1.1" 304 -
::1 - - [09/Dec/2025 14:59:20] "GET / HTTP/1.1" 304 -
::1 - - [09/Dec/2025 14:59:20] "GET / HTTP/1.1" 304 -
::1 - - [09/Dec/2025 14:59:21] "GET / HTTP/1.1" 304 -
::1 - - [09/Dec/2025 15:00:51] "GET / HTTP/1.1" 200 -
::1 - - [09/Dec/2025 15:04:31] "GET / HTTP/1.1" 304 -
::1 - - [09/Dec/2025 15:04:31] "GET /runway_config.json HTTP/1.1" 304 -
::1 - - [09/Dec/2025 15:04:32] "GET / HTTP/1.1" 304 -
::1 - - [09/Dec/2025 15:13:37] "GET / HTTP/1.1" 200 -
::1 - - [09/Dec/2025 15:13:37] "GET /fetchRunwayConfig.js HTTP/1.1" 304 -
::1 - - [09/Dec/2025 15:13:37] "GET /runway_config.json HTTP/1.1" 304 -
::1 - - [09/Dec/2025 15:20:37] "GET / HTTP/1.1" 200 -
::1 - - [09/Dec/2025 15:20:37] "GET /runway_config.json HTTP/1.1" 304 -
::1 - - [09/Dec/2025 15:23:47] "GET / HTTP/1.1" 200 -
::1 - - [09/Dec/2025 15:23:47] "GET /fetchRunwayConfig.js HTTP/1.1" 304 -
::1 - - [09/Dec/2025 15:26:04] "GET / HTTP/1.1" 200 -
::1 - - [09/Dec/2025 15:26:04] "GET /runway_config.json HTTP/1.1" 304 -
::1 - - [09/Dec/2025 15:26:04] "GET / HTTP/1.1" 304 -
::1 - - [09/Dec/2025 15:26:11] "GET / HTTP/1.1" 304 -
::1 - - [09/Dec/2025 15:27:09] "GET / HTTP/1.1" 200 -
::1 - - [09/Dec/2025 15:27:10] "GET / HTTP/1.1" 304 -
::1 - - [09/Dec/2025 15:27:11] "GET / HTTP/1.1" 304 -
::1 - - [09/Dec/2025 15:28:26] "GET / HTTP/1.1" 200 -
::1 - - [09/Dec/2025 15:29:51] "GET / HTTP/1.1" 200 -
::1 - - [09/Dec/2025 15:31:49] "GET / HTTP/1.1" 200 -
::1 - - [09/Dec/2025 15:31:49] "GET /runway_config.json HTTP/1.1" 304 -
::1 - - [09/Dec/2025 15:31:52] "GET / HTTP/1.1" 304 -
::1 - - [09/Dec/2025 15:35:02] "GET / HTTP/1.1" 200 -
::1 - - [09/Dec/2025 15:35:02] "GET /fetchRunwayConfig.js HTTP/1.1" 304 -
::1 - - [09/Dec/2025 15:35:03] "GET / HTTP/1.1" 304 -
::1 - - [09/Dec/2025 15:35:13] "GET / HTTP/1.1" 304 -
::1 - - [09/Dec/2025 15:35:14] "GET / HTTP/1.1" 304 -
::1 - - [09/Dec/2025 15:36:41] "GET / HTTP/1.1" 304 -
::1 - - [09/Dec/2025 15:36:41] "GET / HTTP/1.1" 304 -
::1 - - [09/Dec/2025 15:36:41] "GET / HTTP/1.1" 304 -
::1 - - [09/Dec/2025 15:36:41] "GET / HTTP/1.1" 304 -
::1 - - [09/Dec/2025 15:36:42] "GET / HTTP/1.1" 304 -
::1 - - [09/Dec/2025 15:38:44] "GET / HTTP/1.1" 304 -
::1 - - [09/Dec/2025 15:38:44] "GET /runway_config.json HTTP/1.1" 304 -
::1 - - [09/Dec/2025 15:38:44] "GET / HTTP/1.1" 304 -
::1 - - [09/Dec/2025 15:38:44] "GET / HTTP/1.1" 304 -
::1 - - [09/Dec/2025 15:38:45] "GET / HTTP/1.1" 304 -
::1 - - [09/Dec/2025 15:38:45] "GET / HTTP/1.1" 304 -
::1 - - [09/Dec/2025 15:38:45] "GET / HTTP/1.1" 304 -
::1 - - [09/Dec/2025 15:38:46] "GET / HTTP/1.1" 304 -
::1 - - [09/Dec/2025 15:38:46] "GET / HTTP/1.1" 304 -
::1 - - [09/Dec/2025 15:38:46] "GET / HTTP/1.1" 304 -
::1 - - [09/Dec/2025 15:39:01] "GET / HTTP/1.1" 304 -
::1 - - [09/Dec/2025 15:39:01] "GET / HTTP/1.1" 304 -
::1 - - [09/Dec/2025 15:39:01] "GET / HTTP/1.1" 304 -
::1 - - [09/Dec/2025 15:39:02] "GET / HTTP/1.1" 304 -
::1 - - [09/Dec/2025 15:39:02] "GET / HTTP/1.1" 304 -
::1 - - [09/Dec/2025 15:39:02] "GET / HTTP/1.1" 304 -
::1 - - [09/Dec/2025 15:40:28] "GET / HTTP/1.1" 200 -
::1 - - [09/Dec/2025 15:40:29] "GET / HTTP/1.1" 304 -
::1 - - [09/Dec/2025 15:41:25] "GET / HTTP/1.1" 304 -
::1 - - [09/Dec/2025 15:45:40] "GET / HTTP/1.1" 304 -
::1 - - [09/Dec/2025 15:45:40] "GET /fetchRunwayConfig.js HTTP/1.1" 304 -
::1 - - [09/Dec/2025 15:45:40] "GET /runway_config.json HTTP/1.1" 304 -
::1 - - [09/Dec/2025 15:45:41] "GET / HTTP/1.1" 304 -
::1 - - [09/Dec/2025 15:45:41] "GET / HTTP/1.1" 304 -
::1 - - [09/Dec/2025 15:52:03] "GET / HTTP/1.1" 304 -
::1 - - [09/Dec/2025 15:58:42] "GET / HTTP/1.1" 304 -
::1 - - [09/Dec/2025 15:58:42] "GET /fetchRunwayConfig.js HTTP/1.1" 304 -
::1 - - [09/Dec/2025 15:58:42] "GET /runway_config.json HTTP/1.1" 304 -
::1 - - [09/Dec/2025 16:01:23] "GET / HTTP/1.1" 304 -
::1 - - [09/Dec/2025 16:01:24] "GET / HTTP/1.1" 304 -
::1 - - [09/Dec/2025 16:07:46] "GET / HTTP/1.1" 304 -
::1 - - [09/Dec/2025 16:07:47] "GET /runway_config.json HTTP/1.1" 304 -
::1 - - [09/Dec/2025 16:13:40] "GET / HTTP/1.1" 304 -
::1 - - [09/Dec/2025 16:13:40] "GET /fetchRunwayConfig.js HTTP/1.1" 304 -
::1 - - [09/Dec/2025 16:13:41] "GET / HTTP/1.1" 304 -
::1 - - [09/Dec/2025 16:16:25] "GET / HTTP/1.1" 304 -
::1 - - [09/Dec/2025 16:24:25] "GET /index.html HTTP/1.1" 200 -
::1 - - [09/Dec/2025 16:24:25] "GET /runway_config.json HTTP/1.1" 304 -
::1 - - [09/Dec/2025 16:24:25] "GET /Udaan-Product4.bin HTTP/1.1" 304 -
::1 - - [09/Dec/2025 16:32:33] "GET /index.html HTTP/1.1" 304 -
::1 - - [09/Dec/2025 16:32:33] "GET /fetchRunwayConfig.js HTTP/1.1" 304 -
::1 - - [09/Dec/2025 16:32:34] "GET /index.html HTTP/1.1" 304 -
::1 - - [09/Dec/2025 16:34:42] "GET /index.html HTTP/1.1" 304 -
::1 - - [09/Dec/2025 16:34:43] "GET /index.html HTTP/1.1" 304 -
::1 - - [09/Dec/2025 16:34:45] "GET /index.html HTTP/1.1" 304 -
::1 - - [09/Dec/2025 16:35:27] "GET /index.html HTTP/1.1" 304 -
::1 - - [09/Dec/2025 16:35:27] "GET /runway_config.json HTTP/1.1" 304 -
::1 - - [09/Dec/2025 16:35:31] "GET /index.html HTTP/1.1" 304 -
::1 - - [09/Dec/2025 16:35:32] "GET /index.html HTTP/1.1" 304 -
::1 - - [09/Dec/2025 16:35:33] "GET /index.html HTTP/1.1" 304 -
::1 - - [09/Dec/2025 16:40:51] "GET /index.html HTTP/1.1" 304 -
::1 - - [09/Dec/2025 16:40:52] "GET /index.html HTTP/1.1" 304 -
::1 - - [09/Dec/2025 16:41:20] "GET /index.html HTTP/1.1" 304 -
::1 - - [09/Dec/2025 16:41:21] "GET /index.html HTTP/1.1" 304 -
::1 - - [09/Dec/2025 16:42:36] "GET /index.html HTTP/1.1" 304 -
::1 - - [09/Dec/2025 16:42:37] "GET /index.html HTTP/1.1" 304 -
::1 - - [09/Dec/2025 16:42:38] "GET /index.html HTTP/1.1" 304 -
::1 - - [09/Dec/2025 16:44:50] "GET /index.html HTTP/1.1" 304 -
::1 - - [09/Dec/2025 16:44:53] "GET /index.html HTTP/1.1" 304 -
::1 - - [09/Dec/2025 16:44:53] "GET /index.html HTTP/1.1" 304 -
::1 - - [09/Dec/2025 16:44:55] "GET /index.html HTTP/1.1" 304 -
::1 - - [09/Dec/2025 16:44:56] "GET /index.html HTTP/1.1" 304 -
::1 - - [09/Dec/2025 16:44:56] "GET /index.html HTTP/1.1" 304 -
::1 - - [09/Dec/2025 16:44:57] "GET /index.html HTTP/1.1" 304 -
::1 - - [09/Dec/2025 16:44:58] "GET /index.html HTTP/1.1" 304 -
::1 - - [09/Dec/2025 16:45:10] "GET /index.html HTTP/1.1" 304 -
::1 - - [09/Dec/2025 16:45:11] "GET /index.html HTTP/1.1" 304 -
::1 - - [09/Dec/2025 16:45:23] "GET /index.html HTTP/1.1" 304 -
::1 - - [09/Dec/2025 16:45:24] "GET /index.html HTTP/1.1" 304 -
::1 - - [09/Dec/2025 16:45:27] "GET /index.html HTTP/1.1" 304 -
::1 - - [09/Dec/2025 16:45:28] "GET /index.html HTTP/1.1" 304 -
::1 - - [09/Dec/2025 16:48:11] "GET /index.html HTTP/1.1" 304 -
::1 - - [09/Dec/2025 16:48:11] "GET /fetchRunwayConfig.js HTTP/1.1" 304 -
::1 - - [09/Dec/2025 16:48:11] "GET /runway_config.json HTTP/1.1" 304 -
::1 - - [09/Dec/2025 16:48:12] "GET /index.html HTTP/1.1" 304 -
::1 - - [09/Dec/2025 16:48:14] "GET /index.html HTTP/1.1" 304 -
::1 - - [09/Dec/2025 16:48:20] code 404, message File not found
::1 - - [09/Dec/2025 16:48:20] "GET /.well-known/appspecific/com.chrome.devtools.json HTTP/1.1" 404 -
::1 - - [09/Dec/2025 16:48:24] "GET /index.html HTTP/1.1" 200 -
::1 - - [09/Dec/2025 16:48:24] code 404, message File not found
::1 - - [09/Dec/2025 16:48:24] "GET /.well-known/appspecific/com.chrome.devtools.json HTTP/1.1" 404 -
::1 - - [09/Dec/2025 16:48:24] "GET /fetchRunwayConfig.js HTTP/1.1" 200 -
::1 - - [09/Dec/2025 16:48:24] "GET /runway_config.json HTTP/1.1" 200 -
::1 - - [09/Dec/2025 16:48:24] "GET /Udaan-Product4.gltf HTTP/1.1" 200 -
::1 - - [09/Dec/2025 16:48:24] "GET /Udaan-Product4.bin HTTP/1.1" 200 -
::1 - - [09/Dec/2025 16:48:38] "GET /index.html HTTP/1.1" 304 -
::1 - - [09/Dec/2025 16:48:39] "GET /index.html HTTP/1.1" 304 -
::1 - - [09/Dec/2025 16:48:40] "GET /index.html HTTP/1.1" 304 -
::1 - - [09/Dec/2025 16:48:41] "GET /index.html HTTP/1.1" 304 -
::1 - - [09/Dec/2025 16:48:42] "GET /index.html HTTP/1.1" 304 -
::1 - - [09/Dec/2025 16:48:49] "GET /index.html HTTP/1.1" 304 -
::1 - - [09/Dec/2025 16:49:25] code 404, message File not found
::1 - - [09/Dec/2025 16:49:25] "GET /.well-known/appspecific/com.chrome.devtools.json HTTP/1.1" 404 -
::1 - - [09/Dec/2025 16:50:59] "GET /index.html HTTP/1.1" 200 -
::1 - - [09/Dec/2025 16:50:59] code 404, message File not found
::1 - - [09/Dec/2025 16:50:59] "GET /.well-known/appspecific/com.chrome.devtools.json HTTP/1.1" 404 -
::1 - - [09/Dec/2025 16:50:59] "GET /fetchRunwayConfig.js HTTP/1.1" 200 -
::1 - - [09/Dec/2025 16:50:59] "GET /runway_config.json HTTP/1.1" 200 -
::1 - - [09/Dec/2025 16:50:59] "GET /Udaan-Product4.gltf HTTP/1.1" 200 -
::1 - - [09/Dec/2025 16:50:59] "GET /Udaan-Product4.bin HTTP/1.1" 200 -
::1 - - [09/Dec/2025 16:51:01] "GET /index.html HTTP/1.1" 200 -
::1 - - [09/Dec/2025 16:51:01] code 404, message File not found
::1 - - [09/Dec/2025 16:51:01] "GET /.well-known/appspecific/com.chrome.devtools.json HTTP/1.1" 404 -
::1 - - [09/Dec/2025 16:51:01] "GET /fetchRunwayConfig.js HTTP/1.1" 200 -
::1 - - [09/Dec/2025 16:51:01] "GET /runway_config.json HTTP/1.1" 200 -
::1 - - [09/Dec/2025 16:51:01] "GET /Udaan-Product4.gltf HTTP/1.1" 200 -
::1 - - [09/Dec/2025 16:51:01] "GET /Udaan-Product4.bin HTTP/1.1" 200 -
::1 - - [09/Dec/2025 16:52:05] "GET /index.html HTTP/1.1" 200 -
::1 - - [09/Dec/2025 16:52:05] code 404, message File not found
::1 - - [09/Dec/2025 16:52:05] "GET /.well-known/appspecific/com.chrome.devtools.json HTTP/1.1" 404 -
::1 - - [09/Dec/2025 16:52:05] "GET /fetchRunwayConfig.js HTTP/1.1" 200 -
::1 - - [09/Dec/2025 16:52:06] "GET /runway_config.json HTTP/1.1" 200 -
::1 - - [09/Dec/2025 16:52:06] "GET /Udaan-Product4.gltf HTTP/1.1" 200 -
::1 - - [09/Dec/2025 16:52:06] "GET /Udaan-Product4.bin HTTP/1.1" 200 -
::1 - - [09/Dec/2025 16:52:11] "GET /index.html HTTP/1.1" 200 -
::1 - - [09/Dec/2025 16:52:11] code 404, message File not found
::1 - - [09/Dec/2025 16:52:11] "GET /.well-known/appspecific/com.chrome.devtools.json HTTP/1.1" 404 -
::1 - - [09/Dec/2025 16:52:11] "GET /fetchRunwayConfig.js HTTP/1.1" 200 -
::1 - - [09/Dec/2025 16:52:11] "GET /runway_config.json HTTP/1.1" 200 -
::1 - - [09/Dec/2025 16:52:11] "GET /Udaan-Product4.gltf HTTP/1.1" 200 -
::1 - - [09/Dec/2025 16:52:11] "GET /Udaan-Product4.bin HTTP/1.1" 200 -
::1 - - [09/Dec/2025 16:52:12] "GET /index.html HTTP/1.1" 200 -
::1 - - [09/Dec/2025 16:52:12] code 404, message File not found
::1 - - [09/Dec/2025 16:52:12] "GET /.well-known/appspecific/com.chrome.devtools.json HTTP/1.1" 404 -
::1 - - [09/Dec/2025 16:52:12] "GET /fetchRunwayConfig.js HTTP/1.1" 200 -
::1 - - [09/Dec/2025 16:52:12] "GET /runway_config.json HTTP/1.1" 200 -
::1 - - [09/Dec/2025 16:52:12] "GET /Udaan-Product4.gltf HTTP/1.1" 200 -
::1 - - [09/Dec/2025 16:52:12] "GET /Udaan-Product4.bin HTTP/1.1" 200 -
::1 - - [09/Dec/2025 16:52:13] "GET /index.html HTTP/1.1" 200 -
::1 - - [09/Dec/2025 16:52:13] code 404, message File not found
::1 - - [09/Dec/2025 16:52:13] "GET /.well-known/appspecific/com.chrome.devtools.json HTTP/1.1" 404 -
::1 - - [09/Dec/2025 16:52:13] "GET /fetchRunwayConfig.js HTTP/1.1" 200 -
::1 - - [09/Dec/2025 16:52:14] "GET /runway_config.json HTTP/1.1" 200 -
::1 - - [09/Dec/2025 16:52:14] "GET /Udaan-Product4.gltf HTTP/1.1" 200 -
::1 - - [09/Dec/2025 16:52:14] "GET /Udaan-Product4.bin HTTP/1.1" 200 -
::1 - - [09/Dec/2025 16:52:15] "GET /index.html HTTP/1.1" 200 -
::1 - - [09/Dec/2025 16:52:15] code 404, message File not found
::1 - - [09/Dec/2025 16:52:15] "GET /.well-known/appspecific/com.chrome.devtools.json HTTP/1.1" 404 -
::1 - - [09/Dec/2025 16:52:15] "GET /fetchRunwayConfig.js HTTP/1.1" 200 -
::1 - - [09/Dec/2025 16:52:15] "GET /runway_config.json HTTP/1.1" 200 -
::1 - - [09/Dec/2025 16:52:15] "GET /Udaan-Product4.gltf HTTP/1.1" 200 -
::1 - - [09/Dec/2025 16:52:15] "GET /Udaan-Product4.bin HTTP/1.1" 200 -
::1 - - [09/Dec/2025 16:52:24] "GET /index.html HTTP/1.1" 200 -
::1 - - [09/Dec/2025 16:52:24] code 404, message File not found
::1 - - [09/Dec/2025 16:52:24] "GET /.well-known/appspecific/com.chrome.devtools.json HTTP/1.1" 404 -
::1 - - [09/Dec/2025 16:52:24] "GET /fetchRunwayConfig.js HTTP/1.1" 200 -
::1 - - [09/Dec/2025 16:52:24] "GET /runway_config.json HTTP/1.1" 200 -
::1 - - [09/Dec/2025 16:52:24] "GET /Udaan-Product4.gltf HTTP/1.1" 200 -
::1 - - [09/Dec/2025 16:52:24] "GET /Udaan-Product4.bin HTTP/1.1" 200 -
::1 - - [09/Dec/2025 16:53:48] "GET /index.html HTTP/1.1" 304 -
::1 - - [09/Dec/2025 16:53:49] "GET /index.html HTTP/1.1" 304 -
::1 - - [09/Dec/2025 16:53:50] "GET /index.html HTTP/1.1" 304 -
::1 - - [09/Dec/2025 16:54:01] code 404, message File not found
::1 - - [09/Dec/2025 16:54:01] "GET /.well-known/appspecific/com.chrome.devtools.json HTTP/1.1" 404 -
::1 - - [09/Dec/2025 16:58:10] "GET /index.html HTTP/1.1" 200 -
::1 - - [09/Dec/2025 16:58:10] code 404, message File not found
::1 - - [09/Dec/2025 16:58:10] "GET /.well-known/appspecific/com.chrome.devtools.json HTTP/1.1" 404 -
::1 - - [09/Dec/2025 16:58:10] "GET /fetchRunwayConfig.js HTTP/1.1" 200 -
::1 - - [09/Dec/2025 16:58:10] "GET /runway_config.json HTTP/1.1" 200 -
::1 - - [09/Dec/2025 16:58:10] "GET /Udaan-Product4.gltf HTTP/1.1" 200 -
::1 - - [09/Dec/2025 16:58:10] "GET /Udaan-Product4.bin HTTP/1.1" 200 -
::1 - - [09/Dec/2025 16:58:11] "GET /index.html HTTP/1.1" 200 -
::1 - - [09/Dec/2025 16:58:12] code 404, message File not found
::1 - - [09/Dec/2025 16:58:12] "GET /.well-known/appspecific/com.chrome.devtools.json HTTP/1.1" 404 -
::1 - - [09/Dec/2025 16:58:12] "GET /fetchRunwayConfig.js HTTP/1.1" 200 -
::1 - - [09/Dec/2025 16:58:12] "GET /runway_config.json HTTP/1.1" 200 -
::1 - - [09/Dec/2025 16:58:12] "GET /Udaan-Product4.gltf HTTP/1.1" 200 -
::1 - - [09/Dec/2025 16:58:12] "GET /Udaan-Product4.bin HTTP/1.1" 200 -
::1 - - [09/Dec/2025 16:59:18] "GET /index.html HTTP/1.1" 200 -
::1 - - [09/Dec/2025 16:59:18] code 404, message File not found
::1 - - [09/Dec/2025 16:59:18] "GET /.well-known/appspecific/com.chrome.devtools.json HTTP/1.1" 404 -
::1 - - [09/Dec/2025 16:59:18] "GET /fetchRunwayConfig.js HTTP/1.1" 200 -
::1 - - [09/Dec/2025 16:59:19] "GET /runway_config.json HTTP/1.1" 200 -
::1 - - [09/Dec/2025 16:59:19] "GET /Udaan-Product4.gltf HTTP/1.1" 200 -
::1 - - [09/Dec/2025 16:59:19] "GET /Udaan-Product4.bin HTTP/1.1" 200 -
::1 - - [09/Dec/2025 17:00:53] "GET /index.html HTTP/1.1" 200 -
::1 - - [09/Dec/2025 17:00:54] code 404, message File not found
::1 - - [09/Dec/2025 17:00:54] "GET /.well-known/appspecific/com.chrome.devtools.json HTTP/1.1" 404 -
::1 - - [09/Dec/2025 17:00:54] "GET /fetchRunwayConfig.js HTTP/1.1" 200 -
::1 - - [09/Dec/2025 17:00:54] "GET /runway_config.json HTTP/1.1" 200 -
::1 - - [09/Dec/2025 17:00:54] "GET /Udaan-Product4.gltf HTTP/1.1" 200 -
::1 - - [09/Dec/2025 17:00:54] "GET /Udaan-Product4.bin HTTP/1.1" 200 -
::1 - - [09/Dec/2025 17:03:54] "GET /index.html HTTP/1.1" 200 -
::1 - - [09/Dec/2025 17:03:54] code 404, message File not found
::1 - - [09/Dec/2025 17:03:54] "GET /.well-known/appspecific/com.chrome.devtools.json HTTP/1.1" 404 -
::1 - - [09/Dec/2025 17:03:54] "GET /fetchRunwayConfig.js HTTP/1.1" 200 -
::1 - - [09/Dec/2025 17:03:54] "GET /runway_config.json HTTP/1.1" 200 -
::1 - - [09/Dec/2025 17:03:54] "GET /Udaan-Product4.gltf HTTP/1.1" 200 -
::1 - - [09/Dec/2025 17:03:54] "GET /Udaan-Product4.bin HTTP/1.1" 200 -
::1 - - [09/Dec/2025 17:04:03] "GET /index.html HTTP/1.1" 200 -
::1 - - [09/Dec/2025 17:04:04] code 404, message File not found
::1 - - [09/Dec/2025 17:04:04] "GET /.well-known/appspecific/com.chrome.devtools.json HTTP/1.1" 404 -
::1 - - [09/Dec/2025 17:04:04] "GET /fetchRunwayConfig.js HTTP/1.1" 200 -
::1 - - [09/Dec/2025 17:04:04] "GET /runway_config.json HTTP/1.1" 200 -
::1 - - [09/Dec/2025 17:04:04] "GET /Udaan-Product4.gltf HTTP/1.1" 200 -
::1 - - [09/Dec/2025 17:04:04] "GET /Udaan-Product4.bin HTTP/1.1" 200 -
::1 - - [09/Dec/2025 17:04:19] "GET /index.html HTTP/1.1" 200 -
::1 - - [09/Dec/2025 17:04:19] code 404, message File not found
::1 - - [09/Dec/2025 17:04:19] "GET /.well-known/appspecific/com.chrome.devtools.json HTTP/1.1" 404 -
::1 - - [09/Dec/2025 17:04:20] "GET /fetchRunwayConfig.js HTTP/1.1" 200 -
::1 - - [09/Dec/2025 17:04:20] "GET /runway_config.json HTTP/1.1" 200 -
::1 - - [09/Dec/2025 17:04:20] "GET /Udaan-Product4.gltf HTTP/1.1" 200 -
::1 - - [09/Dec/2025 17:04:20] "GET /Udaan-Product4.bin HTTP/1.1" 200 -
::1 - - [09/Dec/2025 17:04:23] "GET /index.html HTTP/1.1" 200 -
::1 - - [09/Dec/2025 17:04:23] code 404, message File not found
::1 - - [09/Dec/2025 17:04:23] "GET /.well-known/appspecific/com.chrome.devtools.json HTTP/1.1" 404 -
::1 - - [09/Dec/2025 17:04:23] "GET /fetchRunwayConfig.js HTTP/1.1" 200 -
::1 - - [09/Dec/2025 17:04:23] "GET /runway_config.json HTTP/1.1" 200 -
::1 - - [09/Dec/2025 17:04:23] "GET /Udaan-Product4.gltf HTTP/1.1" 200 -
::1 - - [09/Dec/2025 17:04:23] "GET /Udaan-Product4.bin HTTP/1.1" 200 -
::1 - - [09/Dec/2025 17:05:01] "GET /index.html HTTP/1.1" 200 -
::1 - - [09/Dec/2025 17:05:02] code 404, message File not found
::1 - - [09/Dec/2025 17:05:02] "GET /.well-known/appspecific/com.chrome.devtools.json HTTP/1.1" 404 -
::1 - - [09/Dec/2025 17:05:02] "GET /fetchRunwayConfig.js HTTP/1.1" 200 -
::1 - - [09/Dec/2025 17:05:02] "GET /runway_config.json HTTP/1.1" 200 -
::1 - - [09/Dec/2025 17:05:02] "GET /Udaan-Product4.gltf HTTP/1.1" 200 -
::1 - - [09/Dec/2025 17:05:02] "GET /Udaan-Product4.bin HTTP/1.1" 200 -
::1 - - [09/Dec/2025 17:05:03] "GET /index.html HTTP/1.1" 200 -
::1 - - [09/Dec/2025 17:05:03] code 404, message File not found
::1 - - [09/Dec/2025 17:05:03] "GET /.well-known/appspecific/com.chrome.devtools.json HTTP/1.1" 404 -
::1 - - [09/Dec/2025 17:05:03] "GET /fetchRunwayConfig.js HTTP/1.1" 200 -
::1 - - [09/Dec/2025 17:05:03] "GET /runway_config.json HTTP/1.1" 200 -
::1 - - [09/Dec/2025 17:05:03] "GET /Udaan-Product4.gltf HTTP/1.1" 200 -
::1 - - [09/Dec/2025 17:05:03] "GET /Udaan-Product4.bin HTTP/1.1" 200 -
::1 - - [09/Dec/2025 17:08:14] "GET /index.html HTTP/1.1" 200 -
::1 - - [09/Dec/2025 17:08:14] code 404, message File not found
::1 - - [09/Dec/2025 17:08:14] "GET /.well-known/appspecific/com.chrome.devtools.json HTTP/1.1" 404 -
::1 - - [09/Dec/2025 17:08:14] "GET /fetchRunwayConfig.js HTTP/1.1" 200 -
::1 - - [09/Dec/2025 17:08:14] "GET /runway_config.json HTTP/1.1" 200 -
::1 - - [09/Dec/2025 17:08:14] "GET /Udaan-Product4.gltf HTTP/1.1" 200 -
::1 - - [09/Dec/2025 17:08:14] "GET /Udaan-Product4.bin HTTP/1.1" 200 -
::1 - - [09/Dec/2025 17:11:14] "GET /index.html HTTP/1.1" 200 -
::1 - - [09/Dec/2025 17:11:14] code 404, message File not found
::1 - - [09/Dec/2025 17:11:14] "GET /.well-known/appspecific/com.chrome.devtools.json HTTP/1.1" 404 -
::1 - - [09/Dec/2025 17:11:15] "GET /fetchRunwayConfig.js HTTP/1.1" 200 -
::1 - - [09/Dec/2025 17:11:15] "GET /runway_config.json HTTP/1.1" 200 -
::1 - - [09/Dec/2025 17:11:15] "GET /Udaan-Product4.gltf HTTP/1.1" 200 -
::1 - - [09/Dec/2025 17:11:15] "GET /Udaan-Product4.bin HTTP/1.1" 200 -
::1 - - [09/Dec/2025 17:11:16] "GET /index.html HTTP/1.1" 200 -
::1 - - [09/Dec/2025 17:11:16] code 404, message File not found
::1 - - [09/Dec/2025 17:11:16] "GET /.well-known/appspecific/com.chrome.devtools.json HTTP/1.1" 404 -
::1 - - [09/Dec/2025 17:11:16] "GET /fetchRunwayConfig.js HTTP/1.1" 200 -
::1 - - [09/Dec/2025 17:11:16] "GET /runway_config.json HTTP/1.1" 200 -
::1 - - [09/Dec/2025 17:11:16] "GET /Udaan-Product4.gltf HTTP/1.1" 200 -
::1 - - [09/Dec/2025 17:11:16] "GET /Udaan-Product4.bin HTTP/1.1" 200 -
::1 - - [09/Dec/2025 17:11:21] "GET /index.html HTTP/1.1" 200 -
::1 - - [09/Dec/2025 17:11:21] code 404, message File not found
::1 - - [09/Dec/2025 17:11:21] "GET /.well-known/appspecific/com.chrome.devtools.json HTTP/1.1" 404 -
::1 - - [09/Dec/2025 17:11:21] "GET /fetchRunwayConfig.js HTTP/1.1" 200 -
::1 - - [09/Dec/2025 17:11:21] "GET /runway_config.json HTTP/1.1" 200 -
::1 - - [09/Dec/2025 17:11:21] "GET /Udaan-Product4.gltf HTTP/1.1" 200 -
::1 - - [09/Dec/2025 17:11:21] "GET /Udaan-Product4.bin HTTP/1.1" 200 -
::1 - - [09/Dec/2025 17:11:21] "GET /index.html HTTP/1.1" 200 -
::1 - - [09/Dec/2025 17:11:21] code 404, message File not found
::1 - - [09/Dec/2025 17:11:21] "GET /.well-known/appspecific/com.chrome.devtools.json HTTP/1.1" 404 -
::1 - - [09/Dec/2025 17:11:21] "GET /fetchRunwayConfig.js HTTP/1.1" 200 -
::1 - - [09/Dec/2025 17:11:21] "GET /runway_config.json HTTP/1.1" 200 -
::1 - - [09/Dec/2025 17:11:21] "GET /Udaan-Product4.gltf HTTP/1.1" 200 -
::1 - - [09/Dec/2025 17:11:21] "GET /Udaan-Product4.bin HTTP/1.1" 200 -
::1 - - [09/Dec/2025 17:11:25] "GET /index.html HTTP/1.1" 200 -
::1 - - [09/Dec/2025 17:11:26] code 404, message File not found
::1 - - [09/Dec/2025 17:11:26] "GET /.well-known/appspecific/com.chrome.devtools.json HTTP/1.1" 404 -
::1 - - [09/Dec/2025 17:11:26] "GET /fetchRunwayConfig.js HTTP/1.1" 200 -
::1 - - [09/Dec/2025 17:11:26] "GET /runway_config.json HTTP/1.1" 200 -
::1 - - [09/Dec/2025 17:11:26] "GET /Udaan-Product4.gltf HTTP/1.1" 200 -
::1 - - [09/Dec/2025 17:11:26] "GET /Udaan-Product4.bin HTTP/1.1" 200 -
::1 - - [09/Dec/2025 17:12:23] "GET /index.html HTTP/1.1" 200 -
::1 - - [09/Dec/2025 17:12:23] code 404, message File not found
::1 - - [09/Dec/2025 17:12:23] "GET /.well-known/appspecific/com.chrome.devtools.json HTTP/1.1" 404 -
::1 - - [09/Dec/2025 17:12:24] "GET /fetchRunwayConfig.js HTTP/1.1" 200 -
::1 - - [09/Dec/2025 17:12:24] "GET /runway_config.json HTTP/1.1" 200 -
::1 - - [09/Dec/2025 17:12:24] "GET /Udaan-Product4.gltf HTTP/1.1" 200 -
::1 - - [09/Dec/2025 17:12:24] "GET /Udaan-Product4.bin HTTP/1.1" 200 -
::1 - - [09/Dec/2025 17:13:26] "GET / HTTP/1.1" 200 -
::1 - - [09/Dec/2025 17:13:35] "GET / HTTP/1.1" 304 -
::1 - - [09/Dec/2025 17:14:35] "GET / HTTP/1.1" 304 -
::1 - - [09/Dec/2025 17:14:36] "GET / HTTP/1.1" 304 -
::1 - - [09/Dec/2025 17:14:37] "GET / HTTP/1.1" 304 -
::1 - - [09/Dec/2025 17:14:47] "GET / HTTP/1.1" 304 -
::1 - - [09/Dec/2025 17:14:48] "GET / HTTP/1.1" 304 -
::1 - - [09/Dec/2025 17:14:49] "GET / HTTP/1.1" 304 -
::1 - - [09/Dec/2025 17:14:50] "GET / HTTP/1.1" 304 -
::1 - - [09/Dec/2025 17:14:50] "GET / HTTP/1.1" 304 -
::1 - - [09/Dec/2025 17:14:51] "GET / HTTP/1.1" 304 -
::1 - - [09/Dec/2025 17:14:52] "GET / HTTP/1.1" 304 -
::1 - - [09/Dec/2025 17:14:53] "GET / HTTP/1.1" 304 -
::1 - - [09/Dec/2025 17:14:53] "GET / HTTP/1.1" 304 -
::1 - - [09/Dec/2025 17:14:54] "GET / HTTP/1.1" 304 -
::1 - - [09/Dec/2025 17:14:55] "GET / HTTP/1.1" 304 -
::1 - - [09/Dec/2025 17:14:55] "GET / HTTP/1.1" 304 -
