Using cpu device
---------------------------------
| rollout/           |          |
|    ep_len_mean     | 7        |
|    ep_rew_mean     | -8.35    |
| time/              |          |
|    fps             | 2130     |
|    iterations      | 1        |
|    time_elapsed    | 2        |
|    total_timesteps | 5120     |
---------------------------------
------------------------------------------
| rollout/                |              |
|    ep_len_mean          | 7            |
|    ep_rew_mean          | -8.3         |
| time/                   |              |
|    fps                  | 1922         |
|    iterations           | 2            |
|    time_elapsed         | 5            |
|    total_timesteps      | 10240        |
| train/                  |              |
|    approx_kl            | 0.0024618015 |
|    clip_fraction        | 0.0333       |
|    clip_range           | 0.15         |
|    entropy_loss         | -8.52        |
|    explained_variance   | 0.0122       |
|    learning_rate        | 0.0002       |
|    loss                 | 29.7         |
|    n_updates            | 8            |
|    policy_gradient_loss | -0.00228     |
|    std                  | 1            |
|    value_loss           | 67.3         |
------------------------------------------
------------------------------------------
| rollout/                |              |
|    ep_len_mean          | 7            |
|    ep_rew_mean          | -8.36        |
| time/                   |              |
|    fps                  | 1933         |
|    iterations           | 3            |
|    time_elapsed         | 7            |
|    total_timesteps      | 15360        |
| train/                  |              |
|    approx_kl            | 0.0022016899 |
|    clip_fraction        | 0.00669      |
|    clip_range           | 0.15         |
|    entropy_loss         | -8.52        |
|    explained_variance   | 0.00622      |
|    learning_rate        | 0.0002       |
|    loss                 | 23.8         |
|    n_updates            | 16           |
|    policy_gradient_loss | -0.00101     |
|    std                  | 1            |
|    value_loss           | 54.2         |
------------------------------------------
------------------------------------------
| rollout/                |              |
|    ep_len_mean          | 7            |
|    ep_rew_mean          | -8.32        |
| time/                   |              |
|    fps                  | 1909         |
|    iterations           | 4            |
|    time_elapsed         | 10           |
|    total_timesteps      | 20480        |
| train/                  |              |
|    approx_kl            | 0.0031856154 |
|    clip_fraction        | 0.025        |
|    clip_range           | 0.15         |
|    entropy_loss         | -8.52        |
|    explained_variance   | 0.000651     |
|    learning_rate        | 0.0002       |
|    loss                 | 17.3         |
|    n_updates            | 24           |
|    policy_gradient_loss | -0.00173     |
|    std                  | 1            |
|    value_loss           | 41.6         |
------------------------------------------
------------------------------------------
| rollout/                |              |
|    ep_len_mean          | 7            |
|    ep_rew_mean          | -8.29        |
| time/                   |              |
|    fps                  | 1892         |
|    iterations           | 5            |
|    time_elapsed         | 13           |
|    total_timesteps      | 25600        |
| train/                  |              |
|    approx_kl            | 0.0028764855 |
|    clip_fraction        | 0.0385       |
|    clip_range           | 0.15         |
|    entropy_loss         | -8.52        |
|    explained_variance   | -0.00311     |
|    learning_rate        | 0.0002       |
|    loss                 | 11.7         |
|    n_updates            | 32           |
|    policy_gradient_loss | -0.00233     |
|    std                  | 1            |
|    value_loss           | 29.2         |
------------------------------------------
------------------------------------------
| rollout/                |              |
|    ep_len_mean          | 7            |
|    ep_rew_mean          | -8.25        |
| time/                   |              |
|    fps                  | 1886         |
|    iterations           | 6            |
|    time_elapsed         | 16           |
|    total_timesteps      | 30720        |
| train/                  |              |
|    approx_kl            | 0.0023324743 |
|    clip_fraction        | 0.0302       |
|    clip_range           | 0.15         |
|    entropy_loss         | -8.52        |
|    explained_variance   | -0.00524     |
|    learning_rate        | 0.0002       |
|    loss                 | 7.18         |
|    n_updates            | 40           |
|    policy_gradient_loss | -0.00205     |
|    std                  | 1            |
|    value_loss           | 18.9         |
------------------------------------------
------------------------------------------
| rollout/                |              |
|    ep_len_mean          | 7            |
|    ep_rew_mean          | -8.25        |
| time/                   |              |
|    fps                  | 1877         |
|    iterations           | 7            |
|    time_elapsed         | 19           |
|    total_timesteps      | 35840        |
| train/                  |              |
|    approx_kl            | 0.0025417865 |
|    clip_fraction        | 0.0155       |
|    clip_range           | 0.15         |
|    entropy_loss         | -8.52        |
|    explained_variance   | -0.0124      |
|    learning_rate        | 0.0002       |
|    loss                 | 3.95         |
|    n_updates            | 48           |
|    policy_gradient_loss | -0.00123     |
|    std                  | 1            |
|    value_loss           | 11.5         |
------------------------------------------
----------------------------------------
| rollout/                |            |
|    ep_len_mean          | 7          |
|    ep_rew_mean          | -8.23      |
| time/                   |            |
|    fps                  | 1869       |
|    iterations           | 8          |
|    time_elapsed         | 21         |
|    total_timesteps      | 40960      |
| train/                  |            |
|    approx_kl            | 0.00220404 |
|    clip_fraction        | 0.0302     |
|    clip_range           | 0.15       |
|    entropy_loss         | -8.52      |
|    explained_variance   | -0.023     |
|    learning_rate        | 0.0002     |
|    loss                 | 2.15       |
|    n_updates            | 56         |
|    policy_gradient_loss | -0.00209   |
|    std                  | 0.999      |
|    value_loss           | 6.39       |
----------------------------------------
-----------------------------------------
| rollout/                |             |
|    ep_len_mean          | 7           |
|    ep_rew_mean          | -8.19       |
| time/                   |             |
|    fps                  | 1865        |
|    iterations           | 9           |
|    time_elapsed         | 24          |
|    total_timesteps      | 46080       |
| train/                  |             |
|    approx_kl            | 0.003500995 |
|    clip_fraction        | 0.0511      |
|    clip_range           | 0.15        |
|    entropy_loss         | -8.51       |
|    explained_variance   | -0.0233     |
|    learning_rate        | 0.0002      |
|    loss                 | 1.08        |
|    n_updates            | 64          |
|    policy_gradient_loss | -0.00339    |
|    std                  | 0.999       |
|    value_loss           | 3.19        |
-----------------------------------------
------------------------------------------
| rollout/                |              |
|    ep_len_mean          | 7            |
|    ep_rew_mean          | -8.19        |
| time/                   |              |
|    fps                  | 1859         |
|    iterations           | 10           |
|    time_elapsed         | 27           |
|    total_timesteps      | 51200        |
| train/                  |              |
|    approx_kl            | 0.0034305882 |
|    clip_fraction        | 0.0459       |
|    clip_range           | 0.15         |
|    entropy_loss         | -8.5         |
|    explained_variance   | -0.0229      |
|    learning_rate        | 0.0002       |
|    loss                 | 0.793        |
|    n_updates            | 72           |
|    policy_gradient_loss | -0.00346     |
|    std                  | 0.995        |
|    value_loss           | 1.8          |
------------------------------------------
------------------------------------------
| rollout/                |              |
|    ep_len_mean          | 7            |
|    ep_rew_mean          | -8.18        |
| time/                   |              |
|    fps                  | 1859         |
|    iterations           | 11           |
|    time_elapsed         | 30           |
|    total_timesteps      | 56320        |
| train/                  |              |
|    approx_kl            | 0.0024019561 |
|    clip_fraction        | 0.0511       |
|    clip_range           | 0.15         |
|    entropy_loss         | -8.47        |
|    explained_variance   | -0.00829     |
|    learning_rate        | 0.0002       |
|    loss                 | 0.749        |
|    n_updates            | 80           |
|    policy_gradient_loss | -0.00348     |
|    std                  | 0.99         |
|    value_loss           | 1.51         |
------------------------------------------
-----------------------------------------
| rollout/                |             |
|    ep_len_mean          | 7           |
|    ep_rew_mean          | -8.15       |
| time/                   |             |
|    fps                  | 1855        |
|    iterations           | 12          |
|    time_elapsed         | 33          |
|    total_timesteps      | 61440       |
| train/                  |             |
|    approx_kl            | 0.002867904 |
|    clip_fraction        | 0.042       |
|    clip_range           | 0.15        |
|    entropy_loss         | -8.44       |
|    explained_variance   | 0.00782     |
|    learning_rate        | 0.0002      |
|    loss                 | 0.715       |
|    n_updates            | 88          |
|    policy_gradient_loss | -0.0022     |
|    std                  | 0.987       |
|    value_loss           | 1.48        |
-----------------------------------------
------------------------------------------
| rollout/                |              |
|    ep_len_mean          | 7            |
|    ep_rew_mean          | -8.14        |
| time/                   |              |
|    fps                  | 1846         |
|    iterations           | 13           |
|    time_elapsed         | 36           |
|    total_timesteps      | 66560        |
| train/                  |              |
|    approx_kl            | 0.0032958027 |
|    clip_fraction        | 0.0697       |
|    clip_range           | 0.15         |
|    entropy_loss         | -8.43        |
|    explained_variance   | 0.0203       |
|    learning_rate        | 0.0002       |
|    loss                 | 0.739        |
|    n_updates            | 96           |
|    policy_gradient_loss | -0.00434     |
|    std                  | 0.985        |
|    value_loss           | 1.48         |
------------------------------------------
------------------------------------------
| rollout/                |              |
|    ep_len_mean          | 7            |
|    ep_rew_mean          | -8.09        |
| time/                   |              |
|    fps                  | 1838         |
|    iterations           | 14           |
|    time_elapsed         | 38           |
|    total_timesteps      | 71680        |
| train/                  |              |
|    approx_kl            | 0.0032923962 |
|    clip_fraction        | 0.0414       |
|    clip_range           | 0.15         |
|    entropy_loss         | -8.42        |
|    explained_variance   | 0.0394       |
|    learning_rate        | 0.0002       |
|    loss                 | 0.724        |
|    n_updates            | 104          |
|    policy_gradient_loss | -0.00258     |
|    std                  | 0.984        |
|    value_loss           | 1.48         |
------------------------------------------
------------------------------------------
| rollout/                |              |
|    ep_len_mean          | 7            |
|    ep_rew_mean          | -8.08        |
| time/                   |              |
|    fps                  | 1835         |
|    iterations           | 15           |
|    time_elapsed         | 41           |
|    total_timesteps      | 76800        |
| train/                  |              |
|    approx_kl            | 0.0030170574 |
|    clip_fraction        | 0.0372       |
|    clip_range           | 0.15         |
|    entropy_loss         | -8.41        |
|    explained_variance   | 0.062        |
|    learning_rate        | 0.0002       |
|    loss                 | 0.707        |
|    n_updates            | 112          |
|    policy_gradient_loss | -0.00251     |
|    std                  | 0.983        |
|    value_loss           | 1.43         |
------------------------------------------
------------------------------------------
| rollout/                |              |
|    ep_len_mean          | 7            |
|    ep_rew_mean          | -8.07        |
| time/                   |              |
|    fps                  | 1825         |
|    iterations           | 16           |
|    time_elapsed         | 44           |
|    total_timesteps      | 81920        |
| train/                  |              |
|    approx_kl            | 0.0029913255 |
|    clip_fraction        | 0.0324       |
|    clip_range           | 0.15         |
|    entropy_loss         | -8.41        |
|    explained_variance   | 0.0904       |
|    learning_rate        | 0.0002       |
|    loss                 | 0.687        |
|    n_updates            | 120          |
|    policy_gradient_loss | -0.00191     |
|    std                  | 0.985        |
|    value_loss           | 1.38         |
------------------------------------------
-----------------------------------------
| rollout/                |             |
|    ep_len_mean          | 7           |
|    ep_rew_mean          | -8.05       |
| time/                   |             |
|    fps                  | 1822        |
|    iterations           | 17          |
|    time_elapsed         | 47          |
|    total_timesteps      | 87040       |
| train/                  |             |
|    approx_kl            | 0.003170671 |
|    clip_fraction        | 0.0413      |
|    clip_range           | 0.15        |
|    entropy_loss         | -8.42       |
|    explained_variance   | 0.127       |
|    learning_rate        | 0.0002      |
|    loss                 | 0.632       |
|    n_updates            | 128         |
|    policy_gradient_loss | -0.00256    |
|    std                  | 0.982       |
|    value_loss           | 1.33        |
-----------------------------------------
------------------------------------------
| rollout/                |              |
|    ep_len_mean          | 7            |
|    ep_rew_mean          | -8.02        |
| time/                   |              |
|    fps                  | 1815         |
|    iterations           | 18           |
|    time_elapsed         | 50           |
|    total_timesteps      | 92160        |
| train/                  |              |
|    approx_kl            | 0.0034942315 |
|    clip_fraction        | 0.0348       |
|    clip_range           | 0.15         |
|    entropy_loss         | -8.4         |
|    explained_variance   | 0.177        |
|    learning_rate        | 0.0002       |
|    loss                 | 0.577        |
|    n_updates            | 136          |
|    policy_gradient_loss | -0.00212     |
|    std                  | 0.981        |
|    value_loss           | 1.26         |
------------------------------------------
------------------------------------------
| rollout/                |              |
|    ep_len_mean          | 7            |
|    ep_rew_mean          | -8.04        |
| time/                   |              |
|    fps                  | 1813         |
|    iterations           | 19           |
|    time_elapsed         | 53           |
|    total_timesteps      | 97280        |
| train/                  |              |
|    approx_kl            | 0.0031541015 |
|    clip_fraction        | 0.0405       |
|    clip_range           | 0.15         |
|    entropy_loss         | -8.4         |
|    explained_variance   | 0.24         |
|    learning_rate        | 0.0002       |
|    loss                 | 0.545        |
|    n_updates            | 144          |
|    policy_gradient_loss | -0.00248     |
|    std                  | 0.981        |
|    value_loss           | 1.16         |
------------------------------------------
------------------------------------------
| rollout/                |              |
|    ep_len_mean          | 7            |
|    ep_rew_mean          | -8           |
| time/                   |              |
|    fps                  | 1808         |
|    iterations           | 20           |
|    time_elapsed         | 56           |
|    total_timesteps      | 102400       |
| train/                  |              |
|    approx_kl            | 0.0023901192 |
|    clip_fraction        | 0.0308       |
|    clip_range           | 0.15         |
|    entropy_loss         | -8.39        |
|    explained_variance   | 0.313        |
|    learning_rate        | 0.0002       |
|    loss                 | 0.478        |
|    n_updates            | 152          |
|    policy_gradient_loss | -0.00213     |
|    std                  | 0.978        |
|    value_loss           | 1.04         |
------------------------------------------
----------------------------------------
| rollout/                |            |
|    ep_len_mean          | 7          |
|    ep_rew_mean          | -7.93      |
| time/                   |            |
|    fps                  | 1804       |
|    iterations           | 21         |
|    time_elapsed         | 59         |
|    total_timesteps      | 107520     |
| train/                  |            |
|    approx_kl            | 0.00352876 |
|    clip_fraction        | 0.0493     |
|    clip_range           | 0.15       |
|    entropy_loss         | -8.38      |
|    explained_variance   | 0.394      |
|    learning_rate        | 0.0002     |
|    loss                 | 0.419      |
|    n_updates            | 160        |
|    policy_gradient_loss | -0.00249   |
|    std                  | 0.977      |
|    value_loss           | 0.92       |
----------------------------------------
------------------------------------------
| rollout/                |              |
|    ep_len_mean          | 7            |
|    ep_rew_mean          | -7.93        |
| time/                   |              |
|    fps                  | 1805         |
|    iterations           | 22           |
|    time_elapsed         | 62           |
|    total_timesteps      | 112640       |
| train/                  |              |
|    approx_kl            | 0.0018552957 |
|    clip_fraction        | 0.0182       |
|    clip_range           | 0.15         |
|    entropy_loss         | -8.37        |
|    explained_variance   | 0.489        |
|    learning_rate        | 0.0002       |
|    loss                 | 0.347        |
|    n_updates            | 168          |
|    policy_gradient_loss | -0.00118     |
|    std                  | 0.976        |
|    value_loss           | 0.758        |
------------------------------------------
------------------------------------------
| rollout/                |              |
|    ep_len_mean          | 7            |
|    ep_rew_mean          | -7.93        |
| time/                   |              |
|    fps                  | 1802         |
|    iterations           | 23           |
|    time_elapsed         | 65           |
|    total_timesteps      | 117760       |
| train/                  |              |
|    approx_kl            | 0.0036114051 |
|    clip_fraction        | 0.0555       |
|    clip_range           | 0.15         |
|    entropy_loss         | -8.37        |
|    explained_variance   | 0.579        |
|    learning_rate        | 0.0002       |
|    loss                 | 0.26         |
|    n_updates            | 176          |
|    policy_gradient_loss | -0.00321     |
|    std                  | 0.978        |
|    value_loss           | 0.614        |
------------------------------------------
------------------------------------------
| rollout/                |              |
|    ep_len_mean          | 7            |
|    ep_rew_mean          | -7.92        |
| time/                   |              |
|    fps                  | 1802         |
|    iterations           | 24           |
|    time_elapsed         | 68           |
|    total_timesteps      | 122880       |
| train/                  |              |
|    approx_kl            | 0.0024239395 |
|    clip_fraction        | 0.025        |
|    clip_range           | 0.15         |
|    entropy_loss         | -8.37        |
|    explained_variance   | 0.672        |
|    learning_rate        | 0.0002       |
|    loss                 | 0.184        |
|    n_updates            | 184          |
|    policy_gradient_loss | -0.00159     |
|    std                  | 0.977        |
|    value_loss           | 0.467        |
------------------------------------------
------------------------------------------
| rollout/                |              |
|    ep_len_mean          | 7            |
|    ep_rew_mean          | -7.89        |
| time/                   |              |
|    fps                  | 1800         |
|    iterations           | 25           |
|    time_elapsed         | 71           |
|    total_timesteps      | 128000       |
| train/                  |              |
|    approx_kl            | 0.0030149173 |
|    clip_fraction        | 0.0564       |
|    clip_range           | 0.15         |
|    entropy_loss         | -8.37        |
|    explained_variance   | 0.76         |
|    learning_rate        | 0.0002       |
|    loss                 | 0.119        |
|    n_updates            | 192          |
|    policy_gradient_loss | -0.00357     |
|    std                  | 0.976        |
|    value_loss           | 0.33         |
------------------------------------------
------------------------------------------
| rollout/                |              |
|    ep_len_mean          | 7            |
|    ep_rew_mean          | -7.87        |
| time/                   |              |
|    fps                  | 1801         |
|    iterations           | 26           |
|    time_elapsed         | 73           |
|    total_timesteps      | 133120       |
| train/                  |              |
|    approx_kl            | 0.0026700697 |
|    clip_fraction        | 0.0546       |
|    clip_range           | 0.15         |
|    entropy_loss         | -8.36        |
|    explained_variance   | 0.837        |
|    learning_rate        | 0.0002       |
|    loss                 | 0.0731       |
|    n_updates            | 200          |
|    policy_gradient_loss | -0.00326     |
|    std                  | 0.974        |
|    value_loss           | 0.218        |
------------------------------------------
------------------------------------------
| rollout/                |              |
|    ep_len_mean          | 7            |
|    ep_rew_mean          | -7.87        |
| time/                   |              |
|    fps                  | 1801         |
|    iterations           | 27           |
|    time_elapsed         | 76           |
|    total_timesteps      | 138240       |
| train/                  |              |
|    approx_kl            | 0.0031328872 |
|    clip_fraction        | 0.0547       |
|    clip_range           | 0.15         |
|    entropy_loss         | -8.34        |
|    explained_variance   | 0.9          |
|    learning_rate        | 0.0002       |
|    loss                 | 0.0397       |
|    n_updates            | 208          |
|    policy_gradient_loss | -0.00376     |
|    std                  | 0.972        |
|    value_loss           | 0.13         |
------------------------------------------
-----------------------------------------
| rollout/                |             |
|    ep_len_mean          | 7           |
|    ep_rew_mean          | -7.86       |
| time/                   |             |
|    fps                  | 1802        |
|    iterations           | 28          |
|    time_elapsed         | 79          |
|    total_timesteps      | 143360      |
| train/                  |             |
|    approx_kl            | 0.002647662 |
|    clip_fraction        | 0.0633      |
|    clip_range           | 0.15        |
|    entropy_loss         | -8.33       |
|    explained_variance   | 0.94        |
|    learning_rate        | 0.0002      |
|    loss                 | 0.0167      |
|    n_updates            | 216         |
|    policy_gradient_loss | -0.00457    |
|    std                  | 0.968       |
|    value_loss           | 0.0803      |
-----------------------------------------
------------------------------------------
| rollout/                |              |
|    ep_len_mean          | 7            |
|    ep_rew_mean          | -7.83        |
| time/                   |              |
|    fps                  | 1801         |
|    iterations           | 29           |
|    time_elapsed         | 82           |
|    total_timesteps      | 148480       |
| train/                  |              |
|    approx_kl            | 0.0033860162 |
|    clip_fraction        | 0.0892       |
|    clip_range           | 0.15         |
|    entropy_loss         | -8.31        |
|    explained_variance   | 0.964        |
|    learning_rate        | 0.0002       |
|    loss                 | 0.00401      |
|    n_updates            | 224          |
|    policy_gradient_loss | -0.00587     |
|    std                  | 0.967        |
|    value_loss           | 0.0504       |
------------------------------------------
------------------------------------------
| rollout/                |              |
|    ep_len_mean          | 7            |
|    ep_rew_mean          | -7.8         |
| time/                   |              |
|    fps                  | 1802         |
|    iterations           | 30           |
|    time_elapsed         | 85           |
|    total_timesteps      | 153600       |
| train/                  |              |
|    approx_kl            | 0.0036636363 |
|    clip_fraction        | 0.1          |
|    clip_range           | 0.15         |
|    entropy_loss         | -8.3         |
|    explained_variance   | 0.975        |
|    learning_rate        | 0.0002       |
|    loss                 | -0.00224     |
|    n_updates            | 232          |
|    policy_gradient_loss | -0.00764     |
|    std                  | 0.964        |
|    value_loss           | 0.0372       |
------------------------------------------
------------------------------------------
| rollout/                |              |
|    ep_len_mean          | 7            |
|    ep_rew_mean          | -7.78        |
| time/                   |              |
|    fps                  | 1802         |
|    iterations           | 31           |
|    time_elapsed         | 88           |
|    total_timesteps      | 158720       |
| train/                  |              |
|    approx_kl            | 0.0039858953 |
|    clip_fraction        | 0.0902       |
|    clip_range           | 0.15         |
|    entropy_loss         | -8.28        |
|    explained_variance   | 0.98         |
|    learning_rate        | 0.0002       |
|    loss                 | -0.00325     |
|    n_updates            | 240          |
|    policy_gradient_loss | -0.0066      |
|    std                  | 0.962        |
|    value_loss           | 0.0322       |
------------------------------------------
------------------------------------------
| rollout/                |              |
|    ep_len_mean          | 7            |
|    ep_rew_mean          | -7.78        |
| time/                   |              |
|    fps                  | 1800         |
|    iterations           | 32           |
|    time_elapsed         | 90           |
|    total_timesteps      | 163840       |
| train/                  |              |
|    approx_kl            | 0.0030148786 |
|    clip_fraction        | 0.0745       |
|    clip_range           | 0.15         |
|    entropy_loss         | -8.27        |
|    explained_variance   | 0.982        |
|    learning_rate        | 0.0002       |
|    loss                 | -0.000202    |
|    n_updates            | 248          |
|    policy_gradient_loss | -0.00525     |
|    std                  | 0.961        |
|    value_loss           | 0.0297       |
------------------------------------------
-----------------------------------------
| rollout/                |             |
|    ep_len_mean          | 7           |
|    ep_rew_mean          | -7.79       |
| time/                   |             |
|    fps                  | 1801        |
|    iterations           | 33          |
|    time_elapsed         | 93          |
|    total_timesteps      | 168960      |
| train/                  |             |
|    approx_kl            | 0.003117776 |
|    clip_fraction        | 0.091       |
|    clip_range           | 0.15        |
|    entropy_loss         | -8.26       |
|    explained_variance   | 0.982       |
|    learning_rate        | 0.0002      |
|    loss                 | -0.00168    |
|    n_updates            | 256         |
|    policy_gradient_loss | -0.00671    |
|    std                  | 0.959       |
|    value_loss           | 0.029       |
-----------------------------------------
-----------------------------------------
| rollout/                |             |
|    ep_len_mean          | 7           |
|    ep_rew_mean          | -7.78       |
| time/                   |             |
|    fps                  | 1789        |
|    iterations           | 34          |
|    time_elapsed         | 97          |
|    total_timesteps      | 174080      |
| train/                  |             |
|    approx_kl            | 0.003361509 |
|    clip_fraction        | 0.0695      |
|    clip_range           | 0.15        |
|    entropy_loss         | -8.25       |
|    explained_variance   | 0.983       |
|    learning_rate        | 0.0002      |
|    loss                 | 0.000363    |
|    n_updates            | 264         |
|    policy_gradient_loss | -0.00552    |
|    std                  | 0.959       |
|    value_loss           | 0.0283      |
-----------------------------------------
------------------------------------------
| rollout/                |              |
|    ep_len_mean          | 7            |
|    ep_rew_mean          | -7.78        |
| time/                   |              |
|    fps                  | 1782         |
|    iterations           | 35           |
|    time_elapsed         | 100          |
|    total_timesteps      | 179200       |
| train/                  |              |
|    approx_kl            | 0.0027315444 |
|    clip_fraction        | 0.0445       |
|    clip_range           | 0.15         |
|    entropy_loss         | -8.25        |
|    explained_variance   | 0.984        |
|    learning_rate        | 0.0002       |
|    loss                 | -0.000944    |
|    n_updates            | 272          |
|    policy_gradient_loss | -0.00383     |
|    std                  | 0.958        |
|    value_loss           | 0.0269       |
------------------------------------------
------------------------------------------
| rollout/                |              |
|    ep_len_mean          | 7            |
|    ep_rew_mean          | -7.76        |
| time/                   |              |
|    fps                  | 1779         |
|    iterations           | 36           |
|    time_elapsed         | 103          |
|    total_timesteps      | 184320       |
| train/                  |              |
|    approx_kl            | 0.0027346576 |
|    clip_fraction        | 0.0838       |
|    clip_range           | 0.15         |
|    entropy_loss         | -8.24        |
|    explained_variance   | 0.985        |
|    learning_rate        | 0.0002       |
|    loss                 | -0.00686     |
|    n_updates            | 280          |
|    policy_gradient_loss | -0.00525     |
|    std                  | 0.958        |
|    value_loss           | 0.0256       |
------------------------------------------
------------------------------------------
| rollout/                |              |
|    ep_len_mean          | 7            |
|    ep_rew_mean          | -7.74        |
| time/                   |              |
|    fps                  | 1775         |
|    iterations           | 37           |
|    time_elapsed         | 106          |
|    total_timesteps      | 189440       |
| train/                  |              |
|    approx_kl            | 0.0038392663 |
|    clip_fraction        | 0.0762       |
|    clip_range           | 0.15         |
|    entropy_loss         | -8.24        |
|    explained_variance   | 0.985        |
|    learning_rate        | 0.0002       |
|    loss                 | -0.000837    |
|    n_updates            | 288          |
|    policy_gradient_loss | -0.00499     |
|    std                  | 0.957        |
|    value_loss           | 0.0252       |
------------------------------------------
-----------------------------------------
| rollout/                |             |
|    ep_len_mean          | 7           |
|    ep_rew_mean          | -7.73       |
| time/                   |             |
|    fps                  | 1771        |
|    iterations           | 38          |
|    time_elapsed         | 109         |
|    total_timesteps      | 194560      |
| train/                  |             |
|    approx_kl            | 0.003044124 |
|    clip_fraction        | 0.0395      |
|    clip_range           | 0.15        |
|    entropy_loss         | -8.23       |
|    explained_variance   | 0.986       |
|    learning_rate        | 0.0002      |
|    loss                 | -0.00154    |
|    n_updates            | 296         |
|    policy_gradient_loss | -0.00237    |
|    std                  | 0.956       |
|    value_loss           | 0.0239      |
-----------------------------------------
-----------------------------------------
| rollout/                |             |
|    ep_len_mean          | 7           |
|    ep_rew_mean          | -7.72       |
| time/                   |             |
|    fps                  | 1767        |
|    iterations           | 39          |
|    time_elapsed         | 112         |
|    total_timesteps      | 199680      |
| train/                  |             |
|    approx_kl            | 0.002970168 |
|    clip_fraction        | 0.0548      |
|    clip_range           | 0.15        |
|    entropy_loss         | -8.22       |
|    explained_variance   | 0.984       |
|    learning_rate        | 0.0002      |
|    loss                 | 0.00224     |
|    n_updates            | 304         |
|    policy_gradient_loss | -0.00393    |
|    std                  | 0.953       |
|    value_loss           | 0.026       |
-----------------------------------------
-----------------------------------------
| rollout/                |             |
|    ep_len_mean          | 7           |
|    ep_rew_mean          | -7.73       |
| time/                   |             |
|    fps                  | 1766        |
|    iterations           | 40          |
|    time_elapsed         | 115         |
|    total_timesteps      | 204800      |
| train/                  |             |
|    approx_kl            | 0.002022218 |
|    clip_fraction        | 0.0489      |
|    clip_range           | 0.15        |
|    entropy_loss         | -8.2        |
|    explained_variance   | 0.985       |
|    learning_rate        | 0.0002      |
|    loss                 | 0.00294     |
|    n_updates            | 312         |
|    policy_gradient_loss | -0.00263    |
|    std                  | 0.95        |
|    value_loss           | 0.0255      |
-----------------------------------------
------------------------------------------
| rollout/                |              |
|    ep_len_mean          | 7            |
|    ep_rew_mean          | -7.71        |
| time/                   |              |
|    fps                  | 1764         |
|    iterations           | 41           |
|    time_elapsed         | 118          |
|    total_timesteps      | 209920       |
| train/                  |              |
|    approx_kl            | 0.0018206397 |
|    clip_fraction        | 0.0519       |
|    clip_range           | 0.15         |
|    entropy_loss         | -8.18        |
|    explained_variance   | 0.985        |
|    learning_rate        | 0.0002       |
|    loss                 | 0.00161      |
|    n_updates            | 320          |
|    policy_gradient_loss | -0.00288     |
|    std                  | 0.948        |
|    value_loss           | 0.0254       |
------------------------------------------
------------------------------------------
| rollout/                |              |
|    ep_len_mean          | 7            |
|    ep_rew_mean          | -7.72        |
| time/                   |              |
|    fps                  | 1761         |
|    iterations           | 42           |
|    time_elapsed         | 122          |
|    total_timesteps      | 215040       |
| train/                  |              |
|    approx_kl            | 0.0023803692 |
|    clip_fraction        | 0.036        |
|    clip_range           | 0.15         |
|    entropy_loss         | -8.17        |
|    explained_variance   | 0.985        |
|    learning_rate        | 0.0002       |
|    loss                 | -0.00118     |
|    n_updates            | 328          |
|    policy_gradient_loss | -0.00272     |
|    std                  | 0.946        |
|    value_loss           | 0.0256       |
------------------------------------------
------------------------------------------
| rollout/                |              |
|    ep_len_mean          | 7            |
|    ep_rew_mean          | -7.71        |
| time/                   |              |
|    fps                  | 1760         |
|    iterations           | 43           |
|    time_elapsed         | 125          |
|    total_timesteps      | 220160       |
| train/                  |              |
|    approx_kl            | 0.0022676229 |
|    clip_fraction        | 0.0414       |
|    clip_range           | 0.15         |
|    entropy_loss         | -8.15        |
|    explained_variance   | 0.986        |
|    learning_rate        | 0.0002       |
|    loss                 | -0.000134    |
|    n_updates            | 336          |
|    policy_gradient_loss | -0.00241     |
|    std                  | 0.944        |
|    value_loss           | 0.0243       |
------------------------------------------
------------------------------------------
| rollout/                |              |
|    ep_len_mean          | 7            |
|    ep_rew_mean          | -7.71        |
| time/                   |              |
|    fps                  | 1759         |
|    iterations           | 44           |
|    time_elapsed         | 128          |
|    total_timesteps      | 225280       |
| train/                  |              |
|    approx_kl            | 0.0020543884 |
|    clip_fraction        | 0.0141       |
|    clip_range           | 0.15         |
|    entropy_loss         | -8.14        |
|    explained_variance   | 0.986        |
|    learning_rate        | 0.0002       |
|    loss                 | 0.0024       |
|    n_updates            | 344          |
|    policy_gradient_loss | -0.00125     |
|    std                  | 0.941        |
|    value_loss           | 0.0234       |
------------------------------------------
------------------------------------------
| rollout/                |              |
|    ep_len_mean          | 7            |
|    ep_rew_mean          | -7.7         |
| time/                   |              |
|    fps                  | 1759         |
|    iterations           | 45           |
|    time_elapsed         | 130          |
|    total_timesteps      | 230400       |
| train/                  |              |
|    approx_kl            | 0.0022800253 |
|    clip_fraction        | 0.0353       |
|    clip_range           | 0.15         |
|    entropy_loss         | -8.12        |
|    explained_variance   | 0.986        |
|    learning_rate        | 0.0002       |
|    loss                 | 0.000347     |
|    n_updates            | 352          |
|    policy_gradient_loss | -0.00254     |
|    std                  | 0.94         |
|    value_loss           | 0.0236       |
------------------------------------------
------------------------------------------
| rollout/                |              |
|    ep_len_mean          | 7            |
|    ep_rew_mean          | -7.69        |
| time/                   |              |
|    fps                  | 1758         |
|    iterations           | 46           |
|    time_elapsed         | 133          |
|    total_timesteps      | 235520       |
| train/                  |              |
|    approx_kl            | 0.0027013954 |
|    clip_fraction        | 0.0369       |
|    clip_range           | 0.15         |
|    entropy_loss         | -8.12        |
|    explained_variance   | 0.986        |
|    learning_rate        | 0.0002       |
|    loss                 | 0.00462      |
|    n_updates            | 360          |
|    policy_gradient_loss | -0.00241     |
|    std                  | 0.94         |
|    value_loss           | 0.024        |
------------------------------------------
------------------------------------------
| rollout/                |              |
|    ep_len_mean          | 7            |
|    ep_rew_mean          | -7.7         |
| time/                   |              |
|    fps                  | 1757         |
|    iterations           | 47           |
|    time_elapsed         | 136          |
|    total_timesteps      | 240640       |
| train/                  |              |
|    approx_kl            | 0.0022451498 |
|    clip_fraction        | 0.0316       |
|    clip_range           | 0.15         |
|    entropy_loss         | -8.11        |
|    explained_variance   | 0.987        |
|    learning_rate        | 0.0002       |
|    loss                 | -0.00136     |
|    n_updates            | 368          |
|    policy_gradient_loss | -0.00181     |
|    std                  | 0.939        |
|    value_loss           | 0.0232       |
------------------------------------------
------------------------------------------
| rollout/                |              |
|    ep_len_mean          | 7            |
|    ep_rew_mean          | -7.7         |
| time/                   |              |
|    fps                  | 1757         |
|    iterations           | 48           |
|    time_elapsed         | 139          |
|    total_timesteps      | 245760       |
| train/                  |              |
|    approx_kl            | 0.0032249514 |
|    clip_fraction        | 0.0527       |
|    clip_range           | 0.15         |
|    entropy_loss         | -8.11        |
|    explained_variance   | 0.987        |
|    learning_rate        | 0.0002       |
|    loss                 | 0.000492     |
|    n_updates            | 376          |
|    policy_gradient_loss | -0.0027      |
|    std                  | 0.939        |
|    value_loss           | 0.0214       |
------------------------------------------
-----------------------------------------
| rollout/                |             |
|    ep_len_mean          | 7           |
|    ep_rew_mean          | -7.7        |
| time/                   |             |
|    fps                  | 1756        |
|    iterations           | 49          |
|    time_elapsed         | 142         |
|    total_timesteps      | 250880      |
| train/                  |             |
|    approx_kl            | 0.002106892 |
|    clip_fraction        | 0.0212      |
|    clip_range           | 0.15        |
|    entropy_loss         | -8.1        |
|    explained_variance   | 0.987       |
|    learning_rate        | 0.0002      |
|    loss                 | 0.00203     |
|    n_updates            | 384         |
|    policy_gradient_loss | -0.00144    |
|    std                  | 0.938       |
|    value_loss           | 0.0218      |
-----------------------------------------
------------------------------------------
| rollout/                |              |
|    ep_len_mean          | 7            |
|    ep_rew_mean          | -7.69        |
| time/                   |              |
|    fps                  | 1755         |
|    iterations           | 50           |
|    time_elapsed         | 145          |
|    total_timesteps      | 256000       |
| train/                  |              |
|    approx_kl            | 0.0024164356 |
|    clip_fraction        | 0.0421       |
|    clip_range           | 0.15         |
|    entropy_loss         | -8.09        |
|    explained_variance   | 0.987        |
|    learning_rate        | 0.0002       |
|    loss                 | -0.000625    |
|    n_updates            | 392          |
|    policy_gradient_loss | -0.00276     |
|    std                  | 0.935        |
|    value_loss           | 0.0225       |
------------------------------------------
------------------------------------------
| rollout/                |              |
|    ep_len_mean          | 7            |
|    ep_rew_mean          | -7.71        |
| time/                   |              |
|    fps                  | 1754         |
|    iterations           | 51           |
|    time_elapsed         | 148          |
|    total_timesteps      | 261120       |
| train/                  |              |
|    approx_kl            | 0.0020301952 |
|    clip_fraction        | 0.0372       |
|    clip_range           | 0.15         |
|    entropy_loss         | -8.09        |
|    explained_variance   | 0.987        |
|    learning_rate        | 0.0002       |
|    loss                 | 0.00139      |
|    n_updates            | 400          |
|    policy_gradient_loss | -0.00213     |
|    std                  | 0.936        |
|    value_loss           | 0.0217       |
------------------------------------------
------------------------------------------
| rollout/                |              |
|    ep_len_mean          | 7            |
|    ep_rew_mean          | -7.69        |
| time/                   |              |
|    fps                  | 1753         |
|    iterations           | 52           |
|    time_elapsed         | 151          |
|    total_timesteps      | 266240       |
| train/                  |              |
|    approx_kl            | 0.0029039606 |
|    clip_fraction        | 0.0242       |
|    clip_range           | 0.15         |
|    entropy_loss         | -8.09        |
|    explained_variance   | 0.987        |
|    learning_rate        | 0.0002       |
|    loss                 | -0.00113     |
|    n_updates            | 408          |
|    policy_gradient_loss | -0.00124     |
|    std                  | 0.936        |
|    value_loss           | 0.0219       |
------------------------------------------
-----------------------------------------
| rollout/                |             |
|    ep_len_mean          | 7           |
|    ep_rew_mean          | -7.7        |
| time/                   |             |
|    fps                  | 1760        |
|    iterations           | 53          |
|    time_elapsed         | 154         |
|    total_timesteps      | 271360      |
| train/                  |             |
|    approx_kl            | 0.003454167 |
|    clip_fraction        | 0.0377      |
|    clip_range           | 0.15        |
|    entropy_loss         | -8.09       |
|    explained_variance   | 0.987       |
|    learning_rate        | 0.0002      |
|    loss                 | 0.0015      |
|    n_updates            | 416         |
|    policy_gradient_loss | -0.00205    |
|    std                  | 0.936       |
|    value_loss           | 0.0215      |
-----------------------------------------
------------------------------------------
| rollout/                |              |
|    ep_len_mean          | 7            |
|    ep_rew_mean          | -7.7         |
| time/                   |              |
|    fps                  | 1770         |
|    iterations           | 54           |
|    time_elapsed         | 156          |
|    total_timesteps      | 276480       |
| train/                  |              |
|    approx_kl            | 0.0029575336 |
|    clip_fraction        | 0.0337       |
|    clip_range           | 0.15         |
|    entropy_loss         | -8.08        |
|    explained_variance   | 0.988        |
|    learning_rate        | 0.0002       |
|    loss                 | -0.000367    |
|    n_updates            | 424          |
|    policy_gradient_loss | -0.0018      |
|    std                  | 0.934        |
|    value_loss           | 0.0201       |
------------------------------------------
-----------------------------------------
| rollout/                |             |
|    ep_len_mean          | 7           |
|    ep_rew_mean          | -7.69       |
| time/                   |             |
|    fps                  | 1781        |
|    iterations           | 55          |
|    time_elapsed         | 158         |
|    total_timesteps      | 281600      |
| train/                  |             |
|    approx_kl            | 0.003073693 |
|    clip_fraction        | 0.0593      |
|    clip_range           | 0.15        |
|    entropy_loss         | -8.06       |
|    explained_variance   | 0.988       |
|    learning_rate        | 0.0002      |
|    loss                 | 0.000146    |
|    n_updates            | 432         |
|    policy_gradient_loss | -0.00311    |
|    std                  | 0.931       |
|    value_loss           | 0.0204      |
-----------------------------------------
-----------------------------------------
| rollout/                |             |
|    ep_len_mean          | 7           |
|    ep_rew_mean          | -7.69       |
| time/                   |             |
|    fps                  | 1796        |
|    iterations           | 56          |
|    time_elapsed         | 159         |
|    total_timesteps      | 286720      |
| train/                  |             |
|    approx_kl            | 0.003248366 |
|    clip_fraction        | 0.0424      |
|    clip_range           | 0.15        |
|    entropy_loss         | -8.05       |
|    explained_variance   | 0.988       |
|    learning_rate        | 0.0002      |
|    loss                 | -0.000391   |
|    n_updates            | 440         |
|    policy_gradient_loss | -0.00192    |
|    std                  | 0.93        |
|    value_loss           | 0.0208      |
-----------------------------------------
------------------------------------------
| rollout/                |              |
|    ep_len_mean          | 7            |
|    ep_rew_mean          | -7.69        |
| time/                   |              |
|    fps                  | 1815         |
|    iterations           | 57           |
|    time_elapsed         | 160          |
|    total_timesteps      | 291840       |
| train/                  |              |
|    approx_kl            | 0.0021566406 |
|    clip_fraction        | 0.0367       |
|    clip_range           | 0.15         |
|    entropy_loss         | -8.04        |
|    explained_variance   | 0.989        |
|    learning_rate        | 0.0002       |
|    loss                 | -0.000961    |
|    n_updates            | 448          |
|    policy_gradient_loss | -0.00194     |
|    std                  | 0.929        |
|    value_loss           | 0.0197       |
------------------------------------------
------------------------------------------
| rollout/                |              |
|    ep_len_mean          | 7            |
|    ep_rew_mean          | -7.7         |
| time/                   |              |
|    fps                  | 1836         |
|    iterations           | 58           |
|    time_elapsed         | 161          |
|    total_timesteps      | 296960       |
| train/                  |              |
|    approx_kl            | 0.0026503825 |
|    clip_fraction        | 0.0293       |
|    clip_range           | 0.15         |
|    entropy_loss         | -8.04        |
|    explained_variance   | 0.989        |
|    learning_rate        | 0.0002       |
|    loss                 | -1.2e-05     |
|    n_updates            | 456          |
|    policy_gradient_loss | -0.00135     |
|    std                  | 0.929        |
|    value_loss           | 0.0191       |
------------------------------------------
-----------------------------------------
| rollout/                |             |
|    ep_len_mean          | 7           |
|    ep_rew_mean          | -7.69       |
| time/                   |             |
|    fps                  | 1857        |
|    iterations           | 59          |
|    time_elapsed         | 162         |
|    total_timesteps      | 302080      |
| train/                  |             |
|    approx_kl            | 0.002512367 |
|    clip_fraction        | 0.0245      |
|    clip_range           | 0.15        |
|    entropy_loss         | -8.04       |
|    explained_variance   | 0.989       |
|    learning_rate        | 0.0002      |
|    loss                 | -0.0028     |
|    n_updates            | 464         |
|    policy_gradient_loss | -0.00117    |
|    std                  | 0.928       |
|    value_loss           | 0.0189      |
-----------------------------------------
Evaluation over 5 eps: mean_reward=-7.65 ± 0.00
